[0.023s] Invoking command in '/home/achintya/Software/ROSPlayground/camera_ws_main/build/camera_interface_pkg': CMAKE_PREFIX_PATH=${CMAKE_PREFIX_PATH}:/home/achintya/Software/ROSPlayground/camera_ws_main/install/camera_main_pkg:/opt/ros/humble /usr/bin/cmake --build /home/achintya/Software/ROSPlayground/camera_ws_main/build/camera_interface_pkg -- -j8 -l8
[0.093s] [  1%] Built target camera_interface_pkg__cpp
[0.102s] [ 12%] Built target camera_interface_pkg__rosidl_generator_c
[0.103s] [ 12%] Built target ament_cmake_python_copy_camera_interface_pkg
[0.148s] [ 24%] Built target camera_interface_pkg__rosidl_typesupport_introspection_cpp
[0.161s] [ 35%] Built target camera_interface_pkg__rosidl_typesupport_fastrtps_cpp
[0.165s] [ 46%] Built target camera_interface_pkg__rosidl_typesupport_introspection_c
[0.166s] [ 58%] Built target camera_interface_pkg__rosidl_typesupport_fastrtps_c
[0.171s] [ 69%] Built target camera_interface_pkg__rosidl_typesupport_cpp
[0.173s] [ 81%] Built target camera_interface_pkg__rosidl_typesupport_c
[0.224s] [ 81%] Built target camera_interface_pkg
[0.259s] [ 82%] Built target camera_interface_pkg__py
[0.316s] [ 92%] Built target camera_interface_pkg__rosidl_generator_py
[0.375s] [ 94%] Built target camera_interface_pkg__rosidl_typesupport_fastrtps_c__pyext
[0.387s] [100%] Built target camera_interface_pkg__rosidl_typesupport_c__pyext
[0.387s] [100%] Built target camera_interface_pkg__rosidl_typesupport_introspection_c__pyext
[0.713s] running egg_info
[0.714s] writing camera_interface_pkg.egg-info/PKG-INFO
[0.716s] writing dependency_links to camera_interface_pkg.egg-info/dependency_links.txt
[0.716s] writing top-level names to camera_interface_pkg.egg-info/top_level.txt
[0.721s] reading manifest file 'camera_interface_pkg.egg-info/SOURCES.txt'
[0.721s] writing manifest file 'camera_interface_pkg.egg-info/SOURCES.txt'
[0.765s] [100%] Built target ament_cmake_python_build_camera_interface_pkg_egg
[0.781s] Invoked command in '/home/achintya/Software/ROSPlayground/camera_ws_main/build/camera_interface_pkg' returned '0': CMAKE_PREFIX_PATH=${CMAKE_PREFIX_PATH}:/home/achintya/Software/ROSPlayground/camera_ws_main/install/camera_main_pkg:/opt/ros/humble /usr/bin/cmake --build /home/achintya/Software/ROSPlayground/camera_ws_main/build/camera_interface_pkg -- -j8 -l8
[0.786s] Invoking command in '/home/achintya/Software/ROSPlayground/camera_ws_main/build/camera_interface_pkg': CMAKE_PREFIX_PATH=${CMAKE_PREFIX_PATH}:/home/achintya/Software/ROSPlayground/camera_ws_main/install/camera_main_pkg:/opt/ros/humble /usr/bin/cmake --install /home/achintya/Software/ROSPlayground/camera_ws_main/build/camera_interface_pkg
[0.796s] -- Install configuration: ""
[0.796s] -- Up-to-date: /home/achintya/Software/ROSPlayground/camera_ws_main/install/camera_interface_pkg/share/ament_index/resource_index/rosidl_interfaces/camera_interface_pkg
[0.797s] -- Up-to-date: /home/achintya/Software/ROSPlayground/camera_ws_main/install/camera_interface_pkg/include/camera_interface_pkg/camera_interface_pkg
[0.797s] -- Up-to-date: /home/achintya/Software/ROSPlayground/camera_ws_main/install/camera_interface_pkg/include/camera_interface_pkg/camera_interface_pkg/srv
[0.797s] -- Up-to-date: /home/achintya/Software/ROSPlayground/camera_ws_main/install/camera_interface_pkg/include/camera_interface_pkg/camera_interface_pkg/srv/detail
[0.797s] -- Up-to-date: /home/achintya/Software/ROSPlayground/camera_ws_main/install/camera_interface_pkg/include/camera_interface_pkg/camera_interface_pkg/srv/detail/update_n20_set_points__functions.h
[0.797s] -- Up-to-date: /home/achintya/Software/ROSPlayground/camera_ws_main/install/camera_interface_pkg/include/camera_interface_pkg/camera_interface_pkg/srv/detail/set_calibration__functions.h
[0.797s] -- Up-to-date: /home/achintya/Software/ROSPlayground/camera_ws_main/install/camera_interface_pkg/include/camera_interface_pkg/camera_interface_pkg/srv/detail/update_n20_set_points__struct.h
[0.798s] -- Up-to-date: /home/achintya/Software/ROSPlayground/camera_ws_main/install/camera_interface_pkg/include/camera_interface_pkg/camera_interface_pkg/srv/detail/set_calibration__functions.c
[0.798s] -- Up-to-date: /home/achintya/Software/ROSPlayground/camera_ws_main/install/camera_interface_pkg/include/camera_interface_pkg/camera_interface_pkg/srv/detail/update_n20_set_points__type_support.h
[0.798s] -- Up-to-date: /home/achintya/Software/ROSPlayground/camera_ws_main/install/camera_interface_pkg/include/camera_interface_pkg/camera_interface_pkg/srv/detail/set_calibration__type_support.h
[0.798s] -- Up-to-date: /home/achintya/Software/ROSPlayground/camera_ws_main/install/camera_interface_pkg/include/camera_interface_pkg/camera_interface_pkg/srv/detail/set_calibration__struct.h
[0.798s] -- Up-to-date: /home/achintya/Software/ROSPlayground/camera_ws_main/install/camera_interface_pkg/include/camera_interface_pkg/camera_interface_pkg/srv/detail/update_n20_set_points__functions.c
[0.799s] -- Up-to-date: /home/achintya/Software/ROSPlayground/camera_ws_main/install/camera_interface_pkg/include/camera_interface_pkg/camera_interface_pkg/srv/update_n20_set_points.h
[0.799s] -- Up-to-date: /home/achintya/Software/ROSPlayground/camera_ws_main/install/camera_interface_pkg/include/camera_interface_pkg/camera_interface_pkg/srv/set_calibration.h
[0.799s] -- Up-to-date: /home/achintya/Software/ROSPlayground/camera_ws_main/install/camera_interface_pkg/include/camera_interface_pkg/camera_interface_pkg/msg
[0.799s] -- Up-to-date: /home/achintya/Software/ROSPlayground/camera_ws_main/install/camera_interface_pkg/include/camera_interface_pkg/camera_interface_pkg/msg/detail
[0.799s] -- Up-to-date: /home/achintya/Software/ROSPlayground/camera_ws_main/install/camera_interface_pkg/include/camera_interface_pkg/camera_interface_pkg/msg/detail/points_list__functions.c
[0.799s] -- Up-to-date: /home/achintya/Software/ROSPlayground/camera_ws_main/install/camera_interface_pkg/include/camera_interface_pkg/camera_interface_pkg/msg/detail/points_list__type_support.h
[0.799s] -- Up-to-date: /home/achintya/Software/ROSPlayground/camera_ws_main/install/camera_interface_pkg/include/camera_interface_pkg/camera_interface_pkg/msg/detail/coordinates_list__functions.h
[0.799s] -- Up-to-date: /home/achintya/Software/ROSPlayground/camera_ws_main/install/camera_interface_pkg/include/camera_interface_pkg/camera_interface_pkg/msg/detail/points_list__functions.h
[0.799s] -- Up-to-date: /home/achintya/Software/ROSPlayground/camera_ws_main/install/camera_interface_pkg/include/camera_interface_pkg/camera_interface_pkg/msg/detail/coordinates_list__type_support.h
[0.800s] -- Up-to-date: /home/achintya/Software/ROSPlayground/camera_ws_main/install/camera_interface_pkg/include/camera_interface_pkg/camera_interface_pkg/msg/detail/points__struct.h
[0.800s] -- Up-to-date: /home/achintya/Software/ROSPlayground/camera_ws_main/install/camera_interface_pkg/include/camera_interface_pkg/camera_interface_pkg/msg/detail/coordinates__type_support.h
[0.800s] -- Up-to-date: /home/achintya/Software/ROSPlayground/camera_ws_main/install/camera_interface_pkg/include/camera_interface_pkg/camera_interface_pkg/msg/detail/robot_state__functions.h
[0.800s] -- Up-to-date: /home/achintya/Software/ROSPlayground/camera_ws_main/install/camera_interface_pkg/include/camera_interface_pkg/camera_interface_pkg/msg/detail/robot_state__functions.c
[0.800s] -- Up-to-date: /home/achintya/Software/ROSPlayground/camera_ws_main/install/camera_interface_pkg/include/camera_interface_pkg/camera_interface_pkg/msg/detail/coordinates_list__functions.c
[0.800s] -- Up-to-date: /home/achintya/Software/ROSPlayground/camera_ws_main/install/camera_interface_pkg/include/camera_interface_pkg/camera_interface_pkg/msg/detail/coordinates__struct.h
[0.800s] -- Up-to-date: /home/achintya/Software/ROSPlayground/camera_ws_main/install/camera_interface_pkg/include/camera_interface_pkg/camera_interface_pkg/msg/detail/points__functions.c
[0.800s] -- Up-to-date: /home/achintya/Software/ROSPlayground/camera_ws_main/install/camera_interface_pkg/include/camera_interface_pkg/camera_interface_pkg/msg/detail/robot_state__type_support.h
[0.800s] -- Up-to-date: /home/achintya/Software/ROSPlayground/camera_ws_main/install/camera_interface_pkg/include/camera_interface_pkg/camera_interface_pkg/msg/detail/coordinates_list__struct.h
[0.800s] -- Up-to-date: /home/achintya/Software/ROSPlayground/camera_ws_main/install/camera_interface_pkg/include/camera_interface_pkg/camera_interface_pkg/msg/detail/coordinates__functions.c
[0.800s] -- Up-to-date: /home/achintya/Software/ROSPlayground/camera_ws_main/install/camera_interface_pkg/include/camera_interface_pkg/camera_interface_pkg/msg/detail/points__type_support.h
[0.800s] -- Up-to-date: /home/achintya/Software/ROSPlayground/camera_ws_main/install/camera_interface_pkg/include/camera_interface_pkg/camera_interface_pkg/msg/detail/robot_state__struct.h
[0.801s] -- Up-to-date: /home/achintya/Software/ROSPlayground/camera_ws_main/install/camera_interface_pkg/include/camera_interface_pkg/camera_interface_pkg/msg/detail/coordinates__functions.h
[0.801s] -- Up-to-date: /home/achintya/Software/ROSPlayground/camera_ws_main/install/camera_interface_pkg/include/camera_interface_pkg/camera_interface_pkg/msg/detail/points__functions.h
[0.801s] -- Up-to-date: /home/achintya/Software/ROSPlayground/camera_ws_main/install/camera_interface_pkg/include/camera_interface_pkg/camera_interface_pkg/msg/detail/points_list__struct.h
[0.801s] -- Up-to-date: /home/achintya/Software/ROSPlayground/camera_ws_main/install/camera_interface_pkg/include/camera_interface_pkg/camera_interface_pkg/msg/points.h
[0.801s] -- Up-to-date: /home/achintya/Software/ROSPlayground/camera_ws_main/install/camera_interface_pkg/include/camera_interface_pkg/camera_interface_pkg/msg/points_list.h
[0.801s] -- Up-to-date: /home/achintya/Software/ROSPlayground/camera_ws_main/install/camera_interface_pkg/include/camera_interface_pkg/camera_interface_pkg/msg/robot_state.h
[0.801s] -- Up-to-date: /home/achintya/Software/ROSPlayground/camera_ws_main/install/camera_interface_pkg/include/camera_interface_pkg/camera_interface_pkg/msg/coordinates_list.h
[0.801s] -- Up-to-date: /home/achintya/Software/ROSPlayground/camera_ws_main/install/camera_interface_pkg/include/camera_interface_pkg/camera_interface_pkg/msg/rosidl_generator_c__visibility_control.h
[0.801s] -- Up-to-date: /home/achintya/Software/ROSPlayground/camera_ws_main/install/camera_interface_pkg/include/camera_interface_pkg/camera_interface_pkg/msg/coordinates.h
[0.802s] -- Up-to-date: /home/achintya/Software/ROSPlayground/camera_ws_main/install/camera_interface_pkg/share/camera_interface_pkg/environment/library_path.sh
[0.803s] -- Up-to-date: /home/achintya/Software/ROSPlayground/camera_ws_main/install/camera_interface_pkg/share/camera_interface_pkg/environment/library_path.dsv
[0.803s] -- Up-to-date: /home/achintya/Software/ROSPlayground/camera_ws_main/install/camera_interface_pkg/lib/libcamera_interface_pkg__rosidl_generator_c.so
[0.804s] -- Up-to-date: /home/achintya/Software/ROSPlayground/camera_ws_main/install/camera_interface_pkg/include/camera_interface_pkg/camera_interface_pkg
[0.804s] -- Up-to-date: /home/achintya/Software/ROSPlayground/camera_ws_main/install/camera_interface_pkg/include/camera_interface_pkg/camera_interface_pkg/srv
[0.804s] -- Up-to-date: /home/achintya/Software/ROSPlayground/camera_ws_main/install/camera_interface_pkg/include/camera_interface_pkg/camera_interface_pkg/srv/detail
[0.804s] -- Up-to-date: /home/achintya/Software/ROSPlayground/camera_ws_main/install/camera_interface_pkg/include/camera_interface_pkg/camera_interface_pkg/srv/detail/update_n20_set_points__rosidl_typesupport_fastrtps_c.h
[0.804s] -- Up-to-date: /home/achintya/Software/ROSPlayground/camera_ws_main/install/camera_interface_pkg/include/camera_interface_pkg/camera_interface_pkg/srv/detail/set_calibration__rosidl_typesupport_fastrtps_c.h
[0.804s] -- Up-to-date: /home/achintya/Software/ROSPlayground/camera_ws_main/install/camera_interface_pkg/include/camera_interface_pkg/camera_interface_pkg/msg
[0.805s] -- Up-to-date: /home/achintya/Software/ROSPlayground/camera_ws_main/install/camera_interface_pkg/include/camera_interface_pkg/camera_interface_pkg/msg/rosidl_typesupport_fastrtps_c__visibility_control.h
[0.805s] -- Up-to-date: /home/achintya/Software/ROSPlayground/camera_ws_main/install/camera_interface_pkg/include/camera_interface_pkg/camera_interface_pkg/msg/detail
[0.805s] -- Up-to-date: /home/achintya/Software/ROSPlayground/camera_ws_main/install/camera_interface_pkg/include/camera_interface_pkg/camera_interface_pkg/msg/detail/points_list__rosidl_typesupport_fastrtps_c.h
[0.805s] -- Up-to-date: /home/achintya/Software/ROSPlayground/camera_ws_main/install/camera_interface_pkg/include/camera_interface_pkg/camera_interface_pkg/msg/detail/robot_state__rosidl_typesupport_fastrtps_c.h
[0.805s] -- Up-to-date: /home/achintya/Software/ROSPlayground/camera_ws_main/install/camera_interface_pkg/include/camera_interface_pkg/camera_interface_pkg/msg/detail/coordinates__rosidl_typesupport_fastrtps_c.h
[0.805s] -- Up-to-date: /home/achintya/Software/ROSPlayground/camera_ws_main/install/camera_interface_pkg/include/camera_interface_pkg/camera_interface_pkg/msg/detail/points__rosidl_typesupport_fastrtps_c.h
[0.805s] -- Up-to-date: /home/achintya/Software/ROSPlayground/camera_ws_main/install/camera_interface_pkg/include/camera_interface_pkg/camera_interface_pkg/msg/detail/coordinates_list__rosidl_typesupport_fastrtps_c.h
[0.805s] -- Up-to-date: /home/achintya/Software/ROSPlayground/camera_ws_main/install/camera_interface_pkg/lib/libcamera_interface_pkg__rosidl_typesupport_fastrtps_c.so
[0.805s] -- Up-to-date: /home/achintya/Software/ROSPlayground/camera_ws_main/install/camera_interface_pkg/include/camera_interface_pkg/camera_interface_pkg
[0.806s] -- Up-to-date: /home/achintya/Software/ROSPlayground/camera_ws_main/install/camera_interface_pkg/include/camera_interface_pkg/camera_interface_pkg/srv
[0.806s] -- Up-to-date: /home/achintya/Software/ROSPlayground/camera_ws_main/install/camera_interface_pkg/include/camera_interface_pkg/camera_interface_pkg/srv/detail
[0.806s] -- Up-to-date: /home/achintya/Software/ROSPlayground/camera_ws_main/install/camera_interface_pkg/include/camera_interface_pkg/camera_interface_pkg/srv/detail/set_calibration__rosidl_typesupport_introspection_c.h
[0.806s] -- Up-to-date: /home/achintya/Software/ROSPlayground/camera_ws_main/install/camera_interface_pkg/include/camera_interface_pkg/camera_interface_pkg/srv/detail/set_calibration__type_support.c
[0.806s] -- Up-to-date: /home/achintya/Software/ROSPlayground/camera_ws_main/install/camera_interface_pkg/include/camera_interface_pkg/camera_interface_pkg/srv/detail/update_n20_set_points__type_support.c
[0.806s] -- Up-to-date: /home/achintya/Software/ROSPlayground/camera_ws_main/install/camera_interface_pkg/include/camera_interface_pkg/camera_interface_pkg/srv/detail/update_n20_set_points__rosidl_typesupport_introspection_c.h
[0.806s] -- Up-to-date: /home/achintya/Software/ROSPlayground/camera_ws_main/install/camera_interface_pkg/include/camera_interface_pkg/camera_interface_pkg/msg
[0.806s] -- Up-to-date: /home/achintya/Software/ROSPlayground/camera_ws_main/install/camera_interface_pkg/include/camera_interface_pkg/camera_interface_pkg/msg/detail
[0.806s] -- Up-to-date: /home/achintya/Software/ROSPlayground/camera_ws_main/install/camera_interface_pkg/include/camera_interface_pkg/camera_interface_pkg/msg/detail/points__type_support.c
[0.807s] -- Up-to-date: /home/achintya/Software/ROSPlayground/camera_ws_main/install/camera_interface_pkg/include/camera_interface_pkg/camera_interface_pkg/msg/detail/points_list__type_support.c
[0.807s] -- Up-to-date: /home/achintya/Software/ROSPlayground/camera_ws_main/install/camera_interface_pkg/include/camera_interface_pkg/camera_interface_pkg/msg/detail/points__rosidl_typesupport_introspection_c.h
[0.807s] -- Up-to-date: /home/achintya/Software/ROSPlayground/camera_ws_main/install/camera_interface_pkg/include/camera_interface_pkg/camera_interface_pkg/msg/detail/coordinates_list__type_support.c
[0.807s] -- Up-to-date: /home/achintya/Software/ROSPlayground/camera_ws_main/install/camera_interface_pkg/include/camera_interface_pkg/camera_interface_pkg/msg/detail/robot_state__type_support.c
[0.807s] -- Up-to-date: /home/achintya/Software/ROSPlayground/camera_ws_main/install/camera_interface_pkg/include/camera_interface_pkg/camera_interface_pkg/msg/detail/coordinates_list__rosidl_typesupport_introspection_c.h
[0.807s] -- Up-to-date: /home/achintya/Software/ROSPlayground/camera_ws_main/install/camera_interface_pkg/include/camera_interface_pkg/camera_interface_pkg/msg/detail/coordinates__type_support.c
[0.808s] -- Up-to-date: /home/achintya/Software/ROSPlayground/camera_ws_main/install/camera_interface_pkg/include/camera_interface_pkg/camera_interface_pkg/msg/detail/robot_state__rosidl_typesupport_introspection_c.h
[0.808s] -- Up-to-date: /home/achintya/Software/ROSPlayground/camera_ws_main/install/camera_interface_pkg/include/camera_interface_pkg/camera_interface_pkg/msg/detail/coordinates__rosidl_typesupport_introspection_c.h
[0.808s] -- Up-to-date: /home/achintya/Software/ROSPlayground/camera_ws_main/install/camera_interface_pkg/include/camera_interface_pkg/camera_interface_pkg/msg/detail/points_list__rosidl_typesupport_introspection_c.h
[0.808s] -- Up-to-date: /home/achintya/Software/ROSPlayground/camera_ws_main/install/camera_interface_pkg/include/camera_interface_pkg/camera_interface_pkg/msg/rosidl_typesupport_introspection_c__visibility_control.h
[0.808s] -- Up-to-date: /home/achintya/Software/ROSPlayground/camera_ws_main/install/camera_interface_pkg/lib/libcamera_interface_pkg__rosidl_typesupport_introspection_c.so
[0.809s] -- Up-to-date: /home/achintya/Software/ROSPlayground/camera_ws_main/install/camera_interface_pkg/lib/libcamera_interface_pkg__rosidl_typesupport_c.so
[0.809s] -- Up-to-date: /home/achintya/Software/ROSPlayground/camera_ws_main/install/camera_interface_pkg/include/camera_interface_pkg/camera_interface_pkg
[0.809s] -- Up-to-date: /home/achintya/Software/ROSPlayground/camera_ws_main/install/camera_interface_pkg/include/camera_interface_pkg/camera_interface_pkg/srv
[0.809s] -- Up-to-date: /home/achintya/Software/ROSPlayground/camera_ws_main/install/camera_interface_pkg/include/camera_interface_pkg/camera_interface_pkg/srv/detail
[0.809s] -- Up-to-date: /home/achintya/Software/ROSPlayground/camera_ws_main/install/camera_interface_pkg/include/camera_interface_pkg/camera_interface_pkg/srv/detail/update_n20_set_points__type_support.hpp
[0.809s] -- Up-to-date: /home/achintya/Software/ROSPlayground/camera_ws_main/install/camera_interface_pkg/include/camera_interface_pkg/camera_interface_pkg/srv/detail/update_n20_set_points__struct.hpp
[0.809s] -- Up-to-date: /home/achintya/Software/ROSPlayground/camera_ws_main/install/camera_interface_pkg/include/camera_interface_pkg/camera_interface_pkg/srv/detail/set_calibration__type_support.hpp
[0.809s] -- Up-to-date: /home/achintya/Software/ROSPlayground/camera_ws_main/install/camera_interface_pkg/include/camera_interface_pkg/camera_interface_pkg/srv/detail/set_calibration__traits.hpp
[0.809s] -- Up-to-date: /home/achintya/Software/ROSPlayground/camera_ws_main/install/camera_interface_pkg/include/camera_interface_pkg/camera_interface_pkg/srv/detail/set_calibration__struct.hpp
[0.809s] -- Up-to-date: /home/achintya/Software/ROSPlayground/camera_ws_main/install/camera_interface_pkg/include/camera_interface_pkg/camera_interface_pkg/srv/detail/set_calibration__builder.hpp
[0.810s] -- Up-to-date: /home/achintya/Software/ROSPlayground/camera_ws_main/install/camera_interface_pkg/include/camera_interface_pkg/camera_interface_pkg/srv/detail/update_n20_set_points__traits.hpp
[0.810s] -- Up-to-date: /home/achintya/Software/ROSPlayground/camera_ws_main/install/camera_interface_pkg/include/camera_interface_pkg/camera_interface_pkg/srv/detail/update_n20_set_points__builder.hpp
[0.810s] -- Up-to-date: /home/achintya/Software/ROSPlayground/camera_ws_main/install/camera_interface_pkg/include/camera_interface_pkg/camera_interface_pkg/srv/set_calibration.hpp
[0.810s] -- Up-to-date: /home/achintya/Software/ROSPlayground/camera_ws_main/install/camera_interface_pkg/include/camera_interface_pkg/camera_interface_pkg/srv/update_n20_set_points.hpp
[0.810s] -- Up-to-date: /home/achintya/Software/ROSPlayground/camera_ws_main/install/camera_interface_pkg/include/camera_interface_pkg/camera_interface_pkg/msg
[0.810s] -- Up-to-date: /home/achintya/Software/ROSPlayground/camera_ws_main/install/camera_interface_pkg/include/camera_interface_pkg/camera_interface_pkg/msg/points_list.hpp
[0.810s] -- Up-to-date: /home/achintya/Software/ROSPlayground/camera_ws_main/install/camera_interface_pkg/include/camera_interface_pkg/camera_interface_pkg/msg/coordinates_list.hpp
[0.810s] -- Up-to-date: /home/achintya/Software/ROSPlayground/camera_ws_main/install/camera_interface_pkg/include/camera_interface_pkg/camera_interface_pkg/msg/rosidl_generator_cpp__visibility_control.hpp
[0.810s] -- Up-to-date: /home/achintya/Software/ROSPlayground/camera_ws_main/install/camera_interface_pkg/include/camera_interface_pkg/camera_interface_pkg/msg/detail
[0.810s] -- Up-to-date: /home/achintya/Software/ROSPlayground/camera_ws_main/install/camera_interface_pkg/include/camera_interface_pkg/camera_interface_pkg/msg/detail/robot_state__type_support.hpp
[0.811s] -- Up-to-date: /home/achintya/Software/ROSPlayground/camera_ws_main/install/camera_interface_pkg/include/camera_interface_pkg/camera_interface_pkg/msg/detail/points__struct.hpp
[0.811s] -- Up-to-date: /home/achintya/Software/ROSPlayground/camera_ws_main/install/camera_interface_pkg/include/camera_interface_pkg/camera_interface_pkg/msg/detail/points_list__struct.hpp
[0.811s] -- Up-to-date: /home/achintya/Software/ROSPlayground/camera_ws_main/install/camera_interface_pkg/include/camera_interface_pkg/camera_interface_pkg/msg/detail/robot_state__struct.hpp
[0.811s] -- Up-to-date: /home/achintya/Software/ROSPlayground/camera_ws_main/install/camera_interface_pkg/include/camera_interface_pkg/camera_interface_pkg/msg/detail/robot_state__builder.hpp
[0.811s] -- Up-to-date: /home/achintya/Software/ROSPlayground/camera_ws_main/install/camera_interface_pkg/include/camera_interface_pkg/camera_interface_pkg/msg/detail/coordinates__traits.hpp
[0.811s] -- Up-to-date: /home/achintya/Software/ROSPlayground/camera_ws_main/install/camera_interface_pkg/include/camera_interface_pkg/camera_interface_pkg/msg/detail/points_list__builder.hpp
[0.811s] -- Up-to-date: /home/achintya/Software/ROSPlayground/camera_ws_main/install/camera_interface_pkg/include/camera_interface_pkg/camera_interface_pkg/msg/detail/coordinates__builder.hpp
[0.811s] -- Up-to-date: /home/achintya/Software/ROSPlayground/camera_ws_main/install/camera_interface_pkg/include/camera_interface_pkg/camera_interface_pkg/msg/detail/coordinates__type_support.hpp
[0.811s] -- Up-to-date: /home/achintya/Software/ROSPlayground/camera_ws_main/install/camera_interface_pkg/include/camera_interface_pkg/camera_interface_pkg/msg/detail/points__type_support.hpp
[0.811s] -- Up-to-date: /home/achintya/Software/ROSPlayground/camera_ws_main/install/camera_interface_pkg/include/camera_interface_pkg/camera_interface_pkg/msg/detail/points_list__traits.hpp
[0.811s] -- Up-to-date: /home/achintya/Software/ROSPlayground/camera_ws_main/install/camera_interface_pkg/include/camera_interface_pkg/camera_interface_pkg/msg/detail/points__builder.hpp
[0.811s] -- Up-to-date: /home/achintya/Software/ROSPlayground/camera_ws_main/install/camera_interface_pkg/include/camera_interface_pkg/camera_interface_pkg/msg/detail/coordinates__struct.hpp
[0.812s] -- Up-to-date: /home/achintya/Software/ROSPlayground/camera_ws_main/install/camera_interface_pkg/include/camera_interface_pkg/camera_interface_pkg/msg/detail/coordinates_list__struct.hpp
[0.812s] -- Up-to-date: /home/achintya/Software/ROSPlayground/camera_ws_main/install/camera_interface_pkg/include/camera_interface_pkg/camera_interface_pkg/msg/detail/robot_state__traits.hpp
[0.812s] -- Up-to-date: /home/achintya/Software/ROSPlayground/camera_ws_main/install/camera_interface_pkg/include/camera_interface_pkg/camera_interface_pkg/msg/detail/coordinates_list__traits.hpp
[0.812s] -- Up-to-date: /home/achintya/Software/ROSPlayground/camera_ws_main/install/camera_interface_pkg/include/camera_interface_pkg/camera_interface_pkg/msg/detail/coordinates_list__builder.hpp
[0.812s] -- Up-to-date: /home/achintya/Software/ROSPlayground/camera_ws_main/install/camera_interface_pkg/include/camera_interface_pkg/camera_interface_pkg/msg/detail/points_list__type_support.hpp
[0.812s] -- Up-to-date: /home/achintya/Software/ROSPlayground/camera_ws_main/install/camera_interface_pkg/include/camera_interface_pkg/camera_interface_pkg/msg/detail/points__traits.hpp
[0.813s] -- Up-to-date: /home/achintya/Software/ROSPlayground/camera_ws_main/install/camera_interface_pkg/include/camera_interface_pkg/camera_interface_pkg/msg/detail/coordinates_list__type_support.hpp
[0.813s] -- Up-to-date: /home/achintya/Software/ROSPlayground/camera_ws_main/install/camera_interface_pkg/include/camera_interface_pkg/camera_interface_pkg/msg/points.hpp
[0.813s] -- Up-to-date: /home/achintya/Software/ROSPlayground/camera_ws_main/install/camera_interface_pkg/include/camera_interface_pkg/camera_interface_pkg/msg/coordinates.hpp
[0.813s] -- Up-to-date: /home/achintya/Software/ROSPlayground/camera_ws_main/install/camera_interface_pkg/include/camera_interface_pkg/camera_interface_pkg/msg/robot_state.hpp
[0.813s] -- Up-to-date: /home/achintya/Software/ROSPlayground/camera_ws_main/install/camera_interface_pkg/include/camera_interface_pkg/camera_interface_pkg
[0.813s] -- Up-to-date: /home/achintya/Software/ROSPlayground/camera_ws_main/install/camera_interface_pkg/include/camera_interface_pkg/camera_interface_pkg/srv
[0.813s] -- Up-to-date: /home/achintya/Software/ROSPlayground/camera_ws_main/install/camera_interface_pkg/include/camera_interface_pkg/camera_interface_pkg/srv/detail
[0.813s] -- Up-to-date: /home/achintya/Software/ROSPlayground/camera_ws_main/install/camera_interface_pkg/include/camera_interface_pkg/camera_interface_pkg/srv/detail/dds_fastrtps
[0.813s] -- Up-to-date: /home/achintya/Software/ROSPlayground/camera_ws_main/install/camera_interface_pkg/include/camera_interface_pkg/camera_interface_pkg/srv/detail/update_n20_set_points__rosidl_typesupport_fastrtps_cpp.hpp
[0.814s] -- Up-to-date: /home/achintya/Software/ROSPlayground/camera_ws_main/install/camera_interface_pkg/include/camera_interface_pkg/camera_interface_pkg/srv/detail/set_calibration__rosidl_typesupport_fastrtps_cpp.hpp
[0.814s] -- Up-to-date: /home/achintya/Software/ROSPlayground/camera_ws_main/install/camera_interface_pkg/include/camera_interface_pkg/camera_interface_pkg/msg
[0.814s] -- Up-to-date: /home/achintya/Software/ROSPlayground/camera_ws_main/install/camera_interface_pkg/include/camera_interface_pkg/camera_interface_pkg/msg/detail
[0.814s] -- Up-to-date: /home/achintya/Software/ROSPlayground/camera_ws_main/install/camera_interface_pkg/include/camera_interface_pkg/camera_interface_pkg/msg/detail/dds_fastrtps
[0.814s] -- Up-to-date: /home/achintya/Software/ROSPlayground/camera_ws_main/install/camera_interface_pkg/include/camera_interface_pkg/camera_interface_pkg/msg/detail/coordinates_list__rosidl_typesupport_fastrtps_cpp.hpp
[0.814s] -- Up-to-date: /home/achintya/Software/ROSPlayground/camera_ws_main/install/camera_interface_pkg/include/camera_interface_pkg/camera_interface_pkg/msg/detail/robot_state__rosidl_typesupport_fastrtps_cpp.hpp
[0.814s] -- Up-to-date: /home/achintya/Software/ROSPlayground/camera_ws_main/install/camera_interface_pkg/include/camera_interface_pkg/camera_interface_pkg/msg/detail/coordinates__rosidl_typesupport_fastrtps_cpp.hpp
[0.814s] -- Up-to-date: /home/achintya/Software/ROSPlayground/camera_ws_main/install/camera_interface_pkg/include/camera_interface_pkg/camera_interface_pkg/msg/detail/points__rosidl_typesupport_fastrtps_cpp.hpp
[0.814s] -- Up-to-date: /home/achintya/Software/ROSPlayground/camera_ws_main/install/camera_interface_pkg/include/camera_interface_pkg/camera_interface_pkg/msg/detail/points_list__rosidl_typesupport_fastrtps_cpp.hpp
[0.815s] -- Up-to-date: /home/achintya/Software/ROSPlayground/camera_ws_main/install/camera_interface_pkg/include/camera_interface_pkg/camera_interface_pkg/msg/rosidl_typesupport_fastrtps_cpp__visibility_control.h
[0.815s] -- Up-to-date: /home/achintya/Software/ROSPlayground/camera_ws_main/install/camera_interface_pkg/lib/libcamera_interface_pkg__rosidl_typesupport_fastrtps_cpp.so
[0.815s] -- Up-to-date: /home/achintya/Software/ROSPlayground/camera_ws_main/install/camera_interface_pkg/include/camera_interface_pkg/camera_interface_pkg
[0.815s] -- Up-to-date: /home/achintya/Software/ROSPlayground/camera_ws_main/install/camera_interface_pkg/include/camera_interface_pkg/camera_interface_pkg/srv
[0.815s] -- Up-to-date: /home/achintya/Software/ROSPlayground/camera_ws_main/install/camera_interface_pkg/include/camera_interface_pkg/camera_interface_pkg/srv/detail
[0.815s] -- Up-to-date: /home/achintya/Software/ROSPlayground/camera_ws_main/install/camera_interface_pkg/include/camera_interface_pkg/camera_interface_pkg/srv/detail/update_n20_set_points__type_support.cpp
[0.815s] -- Up-to-date: /home/achintya/Software/ROSPlayground/camera_ws_main/install/camera_interface_pkg/include/camera_interface_pkg/camera_interface_pkg/srv/detail/set_calibration__type_support.cpp
[0.815s] -- Up-to-date: /home/achintya/Software/ROSPlayground/camera_ws_main/install/camera_interface_pkg/include/camera_interface_pkg/camera_interface_pkg/srv/detail/set_calibration__rosidl_typesupport_introspection_cpp.hpp
[0.815s] -- Up-to-date: /home/achintya/Software/ROSPlayground/camera_ws_main/install/camera_interface_pkg/include/camera_interface_pkg/camera_interface_pkg/srv/detail/update_n20_set_points__rosidl_typesupport_introspection_cpp.hpp
[0.815s] -- Up-to-date: /home/achintya/Software/ROSPlayground/camera_ws_main/install/camera_interface_pkg/include/camera_interface_pkg/camera_interface_pkg/msg
[0.815s] -- Up-to-date: /home/achintya/Software/ROSPlayground/camera_ws_main/install/camera_interface_pkg/include/camera_interface_pkg/camera_interface_pkg/msg/detail
[0.816s] -- Up-to-date: /home/achintya/Software/ROSPlayground/camera_ws_main/install/camera_interface_pkg/include/camera_interface_pkg/camera_interface_pkg/msg/detail/points_list__rosidl_typesupport_introspection_cpp.hpp
[0.816s] -- Up-to-date: /home/achintya/Software/ROSPlayground/camera_ws_main/install/camera_interface_pkg/include/camera_interface_pkg/camera_interface_pkg/msg/detail/points__type_support.cpp
[0.816s] -- Up-to-date: /home/achintya/Software/ROSPlayground/camera_ws_main/install/camera_interface_pkg/include/camera_interface_pkg/camera_interface_pkg/msg/detail/robot_state__rosidl_typesupport_introspection_cpp.hpp
[0.816s] -- Up-to-date: /home/achintya/Software/ROSPlayground/camera_ws_main/install/camera_interface_pkg/include/camera_interface_pkg/camera_interface_pkg/msg/detail/coordinates_list__type_support.cpp
[0.816s] -- Up-to-date: /home/achintya/Software/ROSPlayground/camera_ws_main/install/camera_interface_pkg/include/camera_interface_pkg/camera_interface_pkg/msg/detail/coordinates__type_support.cpp
[0.816s] -- Up-to-date: /home/achintya/Software/ROSPlayground/camera_ws_main/install/camera_interface_pkg/include/camera_interface_pkg/camera_interface_pkg/msg/detail/points__rosidl_typesupport_introspection_cpp.hpp
[0.816s] -- Up-to-date: /home/achintya/Software/ROSPlayground/camera_ws_main/install/camera_interface_pkg/include/camera_interface_pkg/camera_interface_pkg/msg/detail/coordinates__rosidl_typesupport_introspection_cpp.hpp
[0.816s] -- Up-to-date: /home/achintya/Software/ROSPlayground/camera_ws_main/install/camera_interface_pkg/include/camera_interface_pkg/camera_interface_pkg/msg/detail/points_list__type_support.cpp
[0.816s] -- Up-to-date: /home/achintya/Software/ROSPlayground/camera_ws_main/install/camera_interface_pkg/include/camera_interface_pkg/camera_interface_pkg/msg/detail/coordinates_list__rosidl_typesupport_introspection_cpp.hpp
[0.817s] -- Up-to-date: /home/achintya/Software/ROSPlayground/camera_ws_main/install/camera_interface_pkg/include/camera_interface_pkg/camera_interface_pkg/msg/detail/robot_state__type_support.cpp
[0.817s] -- Up-to-date: /home/achintya/Software/ROSPlayground/camera_ws_main/install/camera_interface_pkg/lib/libcamera_interface_pkg__rosidl_typesupport_introspection_cpp.so
[0.817s] -- Up-to-date: /home/achintya/Software/ROSPlayground/camera_ws_main/install/camera_interface_pkg/lib/libcamera_interface_pkg__rosidl_typesupport_cpp.so
[0.817s] -- Up-to-date: /home/achintya/Software/ROSPlayground/camera_ws_main/install/camera_interface_pkg/share/camera_interface_pkg/environment/pythonpath.sh
[0.817s] -- Up-to-date: /home/achintya/Software/ROSPlayground/camera_ws_main/install/camera_interface_pkg/share/camera_interface_pkg/environment/pythonpath.dsv
[0.817s] -- Up-to-date: /home/achintya/Software/ROSPlayground/camera_ws_main/install/camera_interface_pkg/local/lib/python3.10/dist-packages/camera_interface_pkg-0.0.0-py3.10.egg-info
[0.817s] -- Installing: /home/achintya/Software/ROSPlayground/camera_ws_main/install/camera_interface_pkg/local/lib/python3.10/dist-packages/camera_interface_pkg-0.0.0-py3.10.egg-info/dependency_links.txt
[0.817s] -- Installing: /home/achintya/Software/ROSPlayground/camera_ws_main/install/camera_interface_pkg/local/lib/python3.10/dist-packages/camera_interface_pkg-0.0.0-py3.10.egg-info/PKG-INFO
[0.817s] -- Installing: /home/achintya/Software/ROSPlayground/camera_ws_main/install/camera_interface_pkg/local/lib/python3.10/dist-packages/camera_interface_pkg-0.0.0-py3.10.egg-info/top_level.txt
[0.817s] -- Installing: /home/achintya/Software/ROSPlayground/camera_ws_main/install/camera_interface_pkg/local/lib/python3.10/dist-packages/camera_interface_pkg-0.0.0-py3.10.egg-info/SOURCES.txt
[0.818s] -- Up-to-date: /home/achintya/Software/ROSPlayground/camera_ws_main/install/camera_interface_pkg/local/lib/python3.10/dist-packages/camera_interface_pkg
[0.818s] -- Up-to-date: /home/achintya/Software/ROSPlayground/camera_ws_main/install/camera_interface_pkg/local/lib/python3.10/dist-packages/camera_interface_pkg/__init__.py
[0.818s] -- Up-to-date: /home/achintya/Software/ROSPlayground/camera_ws_main/install/camera_interface_pkg/local/lib/python3.10/dist-packages/camera_interface_pkg/_camera_interface_pkg_s.ep.rosidl_typesupport_introspection_c.c
[0.818s] -- Up-to-date: /home/achintya/Software/ROSPlayground/camera_ws_main/install/camera_interface_pkg/local/lib/python3.10/dist-packages/camera_interface_pkg/_camera_interface_pkg_s.ep.rosidl_typesupport_c.c
[0.818s] -- Up-to-date: /home/achintya/Software/ROSPlayground/camera_ws_main/install/camera_interface_pkg/local/lib/python3.10/dist-packages/camera_interface_pkg/camera_interface_pkg_s__rosidl_typesupport_fastrtps_c.cpython-310-x86_64-linux-gnu.so
[0.818s] -- Up-to-date: /home/achintya/Software/ROSPlayground/camera_ws_main/install/camera_interface_pkg/local/lib/python3.10/dist-packages/camera_interface_pkg/srv
[0.818s] -- Up-to-date: /home/achintya/Software/ROSPlayground/camera_ws_main/install/camera_interface_pkg/local/lib/python3.10/dist-packages/camera_interface_pkg/srv/__init__.py
[0.818s] -- Up-to-date: /home/achintya/Software/ROSPlayground/camera_ws_main/install/camera_interface_pkg/local/lib/python3.10/dist-packages/camera_interface_pkg/srv/_update_n20_set_points_s.c
[0.818s] -- Up-to-date: /home/achintya/Software/ROSPlayground/camera_ws_main/install/camera_interface_pkg/local/lib/python3.10/dist-packages/camera_interface_pkg/srv/_set_calibration_s.c
[0.818s] -- Up-to-date: /home/achintya/Software/ROSPlayground/camera_ws_main/install/camera_interface_pkg/local/lib/python3.10/dist-packages/camera_interface_pkg/srv/_update_n20_set_points.py
[0.818s] -- Up-to-date: /home/achintya/Software/ROSPlayground/camera_ws_main/install/camera_interface_pkg/local/lib/python3.10/dist-packages/camera_interface_pkg/srv/_set_calibration.py
[0.819s] -- Up-to-date: /home/achintya/Software/ROSPlayground/camera_ws_main/install/camera_interface_pkg/local/lib/python3.10/dist-packages/camera_interface_pkg/libcamera_interface_pkg__rosidl_generator_py.so
[0.819s] -- Up-to-date: /home/achintya/Software/ROSPlayground/camera_ws_main/install/camera_interface_pkg/local/lib/python3.10/dist-packages/camera_interface_pkg/camera_interface_pkg_s__rosidl_typesupport_introspection_c.cpython-310-x86_64-linux-gnu.so
[0.819s] -- Up-to-date: /home/achintya/Software/ROSPlayground/camera_ws_main/install/camera_interface_pkg/local/lib/python3.10/dist-packages/camera_interface_pkg/camera_interface_pkg_s__rosidl_typesupport_c.cpython-310-x86_64-linux-gnu.so
[0.819s] -- Up-to-date: /home/achintya/Software/ROSPlayground/camera_ws_main/install/camera_interface_pkg/local/lib/python3.10/dist-packages/camera_interface_pkg/_camera_interface_pkg_s.ep.rosidl_typesupport_fastrtps_c.c
[0.819s] -- Up-to-date: /home/achintya/Software/ROSPlayground/camera_ws_main/install/camera_interface_pkg/local/lib/python3.10/dist-packages/camera_interface_pkg/msg
[0.819s] -- Up-to-date: /home/achintya/Software/ROSPlayground/camera_ws_main/install/camera_interface_pkg/local/lib/python3.10/dist-packages/camera_interface_pkg/msg/__init__.py
[0.819s] -- Up-to-date: /home/achintya/Software/ROSPlayground/camera_ws_main/install/camera_interface_pkg/local/lib/python3.10/dist-packages/camera_interface_pkg/msg/_points_list_s.c
[0.819s] -- Up-to-date: /home/achintya/Software/ROSPlayground/camera_ws_main/install/camera_interface_pkg/local/lib/python3.10/dist-packages/camera_interface_pkg/msg/_robot_state.py
[0.819s] -- Up-to-date: /home/achintya/Software/ROSPlayground/camera_ws_main/install/camera_interface_pkg/local/lib/python3.10/dist-packages/camera_interface_pkg/msg/_points_list.py
[0.819s] -- Up-to-date: /home/achintya/Software/ROSPlayground/camera_ws_main/install/camera_interface_pkg/local/lib/python3.10/dist-packages/camera_interface_pkg/msg/_coordinates_list.py
[0.820s] -- Up-to-date: /home/achintya/Software/ROSPlayground/camera_ws_main/install/camera_interface_pkg/local/lib/python3.10/dist-packages/camera_interface_pkg/msg/_coordinates.py
[0.820s] -- Up-to-date: /home/achintya/Software/ROSPlayground/camera_ws_main/install/camera_interface_pkg/local/lib/python3.10/dist-packages/camera_interface_pkg/msg/_coordinates_list_s.c
[0.820s] -- Up-to-date: /home/achintya/Software/ROSPlayground/camera_ws_main/install/camera_interface_pkg/local/lib/python3.10/dist-packages/camera_interface_pkg/msg/_coordinates_s.c
[0.820s] -- Up-to-date: /home/achintya/Software/ROSPlayground/camera_ws_main/install/camera_interface_pkg/local/lib/python3.10/dist-packages/camera_interface_pkg/msg/_points.py
[0.820s] -- Up-to-date: /home/achintya/Software/ROSPlayground/camera_ws_main/install/camera_interface_pkg/local/lib/python3.10/dist-packages/camera_interface_pkg/msg/_points_s.c
[0.820s] -- Up-to-date: /home/achintya/Software/ROSPlayground/camera_ws_main/install/camera_interface_pkg/local/lib/python3.10/dist-packages/camera_interface_pkg/msg/_robot_state_s.c
[0.889s] Listing '/home/achintya/Software/ROSPlayground/camera_ws_main/install/camera_interface_pkg/local/lib/python3.10/dist-packages/camera_interface_pkg'...
[0.889s] Listing '/home/achintya/Software/ROSPlayground/camera_ws_main/install/camera_interface_pkg/local/lib/python3.10/dist-packages/camera_interface_pkg/msg'...
[0.889s] Listing '/home/achintya/Software/ROSPlayground/camera_ws_main/install/camera_interface_pkg/local/lib/python3.10/dist-packages/camera_interface_pkg/srv'...
[0.893s] -- Up-to-date: /home/achintya/Software/ROSPlayground/camera_ws_main/install/camera_interface_pkg/local/lib/python3.10/dist-packages/camera_interface_pkg/camera_interface_pkg_s__rosidl_typesupport_fastrtps_c.cpython-310-x86_64-linux-gnu.so
[0.893s] -- Up-to-date: /home/achintya/Software/ROSPlayground/camera_ws_main/install/camera_interface_pkg/local/lib/python3.10/dist-packages/camera_interface_pkg/camera_interface_pkg_s__rosidl_typesupport_introspection_c.cpython-310-x86_64-linux-gnu.so
[0.893s] -- Up-to-date: /home/achintya/Software/ROSPlayground/camera_ws_main/install/camera_interface_pkg/local/lib/python3.10/dist-packages/camera_interface_pkg/camera_interface_pkg_s__rosidl_typesupport_c.cpython-310-x86_64-linux-gnu.so
[0.894s] -- Up-to-date: /home/achintya/Software/ROSPlayground/camera_ws_main/install/camera_interface_pkg/lib/libcamera_interface_pkg__rosidl_generator_py.so
[0.894s] -- Up-to-date: /home/achintya/Software/ROSPlayground/camera_ws_main/install/camera_interface_pkg/share/camera_interface_pkg/msg/RobotState.idl
[0.894s] -- Up-to-date: /home/achintya/Software/ROSPlayground/camera_ws_main/install/camera_interface_pkg/share/camera_interface_pkg/msg/Points.idl
[0.894s] -- Up-to-date: /home/achintya/Software/ROSPlayground/camera_ws_main/install/camera_interface_pkg/share/camera_interface_pkg/msg/PointsList.idl
[0.894s] -- Up-to-date: /home/achintya/Software/ROSPlayground/camera_ws_main/install/camera_interface_pkg/share/camera_interface_pkg/msg/Coordinates.idl
[0.895s] -- Up-to-date: /home/achintya/Software/ROSPlayground/camera_ws_main/install/camera_interface_pkg/share/camera_interface_pkg/msg/CoordinatesList.idl
[0.895s] -- Up-to-date: /home/achintya/Software/ROSPlayground/camera_ws_main/install/camera_interface_pkg/share/camera_interface_pkg/srv/UpdateN20SetPoints.idl
[0.895s] -- Up-to-date: /home/achintya/Software/ROSPlayground/camera_ws_main/install/camera_interface_pkg/share/camera_interface_pkg/srv/SetCalibration.idl
[0.895s] -- Up-to-date: /home/achintya/Software/ROSPlayground/camera_ws_main/install/camera_interface_pkg/share/camera_interface_pkg/msg/RobotState.msg
[0.895s] -- Up-to-date: /home/achintya/Software/ROSPlayground/camera_ws_main/install/camera_interface_pkg/share/camera_interface_pkg/msg/Points.msg
[0.895s] -- Up-to-date: /home/achintya/Software/ROSPlayground/camera_ws_main/install/camera_interface_pkg/share/camera_interface_pkg/msg/PointsList.msg
[0.895s] -- Up-to-date: /home/achintya/Software/ROSPlayground/camera_ws_main/install/camera_interface_pkg/share/camera_interface_pkg/msg/Coordinates.msg
[0.895s] -- Up-to-date: /home/achintya/Software/ROSPlayground/camera_ws_main/install/camera_interface_pkg/share/camera_interface_pkg/msg/CoordinatesList.msg
[0.896s] -- Up-to-date: /home/achintya/Software/ROSPlayground/camera_ws_main/install/camera_interface_pkg/share/camera_interface_pkg/srv/UpdateN20SetPoints.srv
[0.896s] -- Up-to-date: /home/achintya/Software/ROSPlayground/camera_ws_main/install/camera_interface_pkg/share/camera_interface_pkg/srv/UpdateN20SetPoints_Request.msg
[0.896s] -- Up-to-date: /home/achintya/Software/ROSPlayground/camera_ws_main/install/camera_interface_pkg/share/camera_interface_pkg/srv/UpdateN20SetPoints_Response.msg
[0.896s] -- Up-to-date: /home/achintya/Software/ROSPlayground/camera_ws_main/install/camera_interface_pkg/share/camera_interface_pkg/srv/SetCalibration.srv
[0.896s] -- Up-to-date: /home/achintya/Software/ROSPlayground/camera_ws_main/install/camera_interface_pkg/share/camera_interface_pkg/srv/SetCalibration_Request.msg
[0.896s] -- Up-to-date: /home/achintya/Software/ROSPlayground/camera_ws_main/install/camera_interface_pkg/share/camera_interface_pkg/srv/SetCalibration_Response.msg
[0.896s] -- Up-to-date: /home/achintya/Software/ROSPlayground/camera_ws_main/install/camera_interface_pkg/share/ament_index/resource_index/package_run_dependencies/camera_interface_pkg
[0.896s] -- Up-to-date: /home/achintya/Software/ROSPlayground/camera_ws_main/install/camera_interface_pkg/share/ament_index/resource_index/parent_prefix_path/camera_interface_pkg
[0.896s] -- Up-to-date: /home/achintya/Software/ROSPlayground/camera_ws_main/install/camera_interface_pkg/share/camera_interface_pkg/environment/ament_prefix_path.sh
[0.896s] -- Up-to-date: /home/achintya/Software/ROSPlayground/camera_ws_main/install/camera_interface_pkg/share/camera_interface_pkg/environment/ament_prefix_path.dsv
[0.897s] -- Up-to-date: /home/achintya/Software/ROSPlayground/camera_ws_main/install/camera_interface_pkg/share/camera_interface_pkg/environment/path.sh
[0.897s] -- Up-to-date: /home/achintya/Software/ROSPlayground/camera_ws_main/install/camera_interface_pkg/share/camera_interface_pkg/environment/path.dsv
[0.897s] -- Up-to-date: /home/achintya/Software/ROSPlayground/camera_ws_main/install/camera_interface_pkg/share/camera_interface_pkg/local_setup.bash
[0.897s] -- Up-to-date: /home/achintya/Software/ROSPlayground/camera_ws_main/install/camera_interface_pkg/share/camera_interface_pkg/local_setup.sh
[0.897s] -- Up-to-date: /home/achintya/Software/ROSPlayground/camera_ws_main/install/camera_interface_pkg/share/camera_interface_pkg/local_setup.zsh
[0.898s] -- Up-to-date: /home/achintya/Software/ROSPlayground/camera_ws_main/install/camera_interface_pkg/share/camera_interface_pkg/local_setup.dsv
[0.898s] -- Installing: /home/achintya/Software/ROSPlayground/camera_ws_main/install/camera_interface_pkg/share/camera_interface_pkg/package.dsv
[0.898s] -- Up-to-date: /home/achintya/Software/ROSPlayground/camera_ws_main/install/camera_interface_pkg/share/ament_index/resource_index/packages/camera_interface_pkg
[0.898s] -- Up-to-date: /home/achintya/Software/ROSPlayground/camera_ws_main/install/camera_interface_pkg/share/camera_interface_pkg/cmake/export_camera_interface_pkg__rosidl_generator_cExport.cmake
[0.898s] -- Up-to-date: /home/achintya/Software/ROSPlayground/camera_ws_main/install/camera_interface_pkg/share/camera_interface_pkg/cmake/export_camera_interface_pkg__rosidl_generator_cExport-noconfig.cmake
[0.898s] -- Up-to-date: /home/achintya/Software/ROSPlayground/camera_ws_main/install/camera_interface_pkg/share/camera_interface_pkg/cmake/export_camera_interface_pkg__rosidl_typesupport_fastrtps_cExport.cmake
[0.898s] -- Up-to-date: /home/achintya/Software/ROSPlayground/camera_ws_main/install/camera_interface_pkg/share/camera_interface_pkg/cmake/export_camera_interface_pkg__rosidl_typesupport_fastrtps_cExport-noconfig.cmake
[0.898s] -- Up-to-date: /home/achintya/Software/ROSPlayground/camera_ws_main/install/camera_interface_pkg/share/camera_interface_pkg/cmake/camera_interface_pkg__rosidl_typesupport_introspection_cExport.cmake
[0.898s] -- Up-to-date: /home/achintya/Software/ROSPlayground/camera_ws_main/install/camera_interface_pkg/share/camera_interface_pkg/cmake/camera_interface_pkg__rosidl_typesupport_introspection_cExport-noconfig.cmake
[0.899s] -- Up-to-date: /home/achintya/Software/ROSPlayground/camera_ws_main/install/camera_interface_pkg/share/camera_interface_pkg/cmake/camera_interface_pkg__rosidl_typesupport_cExport.cmake
[0.899s] -- Up-to-date: /home/achintya/Software/ROSPlayground/camera_ws_main/install/camera_interface_pkg/share/camera_interface_pkg/cmake/camera_interface_pkg__rosidl_typesupport_cExport-noconfig.cmake
[0.899s] -- Up-to-date: /home/achintya/Software/ROSPlayground/camera_ws_main/install/camera_interface_pkg/share/camera_interface_pkg/cmake/export_camera_interface_pkg__rosidl_generator_cppExport.cmake
[0.899s] -- Up-to-date: /home/achintya/Software/ROSPlayground/camera_ws_main/install/camera_interface_pkg/share/camera_interface_pkg/cmake/export_camera_interface_pkg__rosidl_typesupport_fastrtps_cppExport.cmake
[0.899s] -- Up-to-date: /home/achintya/Software/ROSPlayground/camera_ws_main/install/camera_interface_pkg/share/camera_interface_pkg/cmake/export_camera_interface_pkg__rosidl_typesupport_fastrtps_cppExport-noconfig.cmake
[0.899s] -- Up-to-date: /home/achintya/Software/ROSPlayground/camera_ws_main/install/camera_interface_pkg/share/camera_interface_pkg/cmake/camera_interface_pkg__rosidl_typesupport_introspection_cppExport.cmake
[0.899s] -- Up-to-date: /home/achintya/Software/ROSPlayground/camera_ws_main/install/camera_interface_pkg/share/camera_interface_pkg/cmake/camera_interface_pkg__rosidl_typesupport_introspection_cppExport-noconfig.cmake
[0.899s] -- Up-to-date: /home/achintya/Software/ROSPlayground/camera_ws_main/install/camera_interface_pkg/share/camera_interface_pkg/cmake/camera_interface_pkg__rosidl_typesupport_cppExport.cmake
[0.899s] -- Up-to-date: /home/achintya/Software/ROSPlayground/camera_ws_main/install/camera_interface_pkg/share/camera_interface_pkg/cmake/camera_interface_pkg__rosidl_typesupport_cppExport-noconfig.cmake
[0.899s] -- Up-to-date: /home/achintya/Software/ROSPlayground/camera_ws_main/install/camera_interface_pkg/share/camera_interface_pkg/cmake/export_camera_interface_pkg__rosidl_generator_pyExport.cmake
[0.900s] -- Up-to-date: /home/achintya/Software/ROSPlayground/camera_ws_main/install/camera_interface_pkg/share/camera_interface_pkg/cmake/export_camera_interface_pkg__rosidl_generator_pyExport-noconfig.cmake
[0.900s] -- Up-to-date: /home/achintya/Software/ROSPlayground/camera_ws_main/install/camera_interface_pkg/share/camera_interface_pkg/cmake/rosidl_cmake-extras.cmake
[0.900s] -- Up-to-date: /home/achintya/Software/ROSPlayground/camera_ws_main/install/camera_interface_pkg/share/camera_interface_pkg/cmake/ament_cmake_export_include_directories-extras.cmake
[0.900s] -- Up-to-date: /home/achintya/Software/ROSPlayground/camera_ws_main/install/camera_interface_pkg/share/camera_interface_pkg/cmake/ament_cmake_export_libraries-extras.cmake
[0.900s] -- Up-to-date: /home/achintya/Software/ROSPlayground/camera_ws_main/install/camera_interface_pkg/share/camera_interface_pkg/cmake/ament_cmake_export_targets-extras.cmake
[0.900s] -- Up-to-date: /home/achintya/Software/ROSPlayground/camera_ws_main/install/camera_interface_pkg/share/camera_interface_pkg/cmake/rosidl_cmake_export_typesupport_targets-extras.cmake
[0.900s] -- Up-to-date: /home/achintya/Software/ROSPlayground/camera_ws_main/install/camera_interface_pkg/share/camera_interface_pkg/cmake/ament_cmake_export_dependencies-extras.cmake
[0.900s] -- Up-to-date: /home/achintya/Software/ROSPlayground/camera_ws_main/install/camera_interface_pkg/share/camera_interface_pkg/cmake/rosidl_cmake_export_typesupport_libraries-extras.cmake
[0.900s] -- Up-to-date: /home/achintya/Software/ROSPlayground/camera_ws_main/install/camera_interface_pkg/share/camera_interface_pkg/cmake/camera_interface_pkgConfig.cmake
[0.900s] -- Up-to-date: /home/achintya/Software/ROSPlayground/camera_ws_main/install/camera_interface_pkg/share/camera_interface_pkg/cmake/camera_interface_pkgConfig-version.cmake
[0.901s] -- Up-to-date: /home/achintya/Software/ROSPlayground/camera_ws_main/install/camera_interface_pkg/share/camera_interface_pkg/package.xml
[0.903s] Invoked command in '/home/achintya/Software/ROSPlayground/camera_ws_main/build/camera_interface_pkg' returned '0': CMAKE_PREFIX_PATH=${CMAKE_PREFIX_PATH}:/home/achintya/Software/ROSPlayground/camera_ws_main/install/camera_main_pkg:/opt/ros/humble /usr/bin/cmake --install /home/achintya/Software/ROSPlayground/camera_ws_main/build/camera_interface_pkg
