[0.045s] Invoking command in '/home/achintya/Software/ROSPlayground/camera_ws_main/build/camera_interface_pkg': CMAKE_PREFIX_PATH=${CMAKE_PREFIX_PATH}:/home/achintya/Software/ROSPlayground/camera_ws_main/install/camera_main_pkg:/opt/ros/humble /usr/bin/cmake --build /home/achintya/Software/ROSPlayground/camera_ws_main/build/camera_interface_pkg -- -j8 -l8
[0.235s] [ 11%] Built target camera_interface_pkg__rosidl_generator_c
[0.330s] [ 11%] Built target ament_cmake_python_copy_camera_interface_pkg
[0.423s] [ 22%] Built target camera_interface_pkg__rosidl_typesupport_c
[1.319s] running egg_info
[1.321s] writing camera_interface_pkg.egg-info/PKG-INFO
[1.321s] writing dependency_links to camera_interface_pkg.egg-info/dependency_links.txt
[1.322s] writing top-level names to camera_interface_pkg.egg-info/top_level.txt
[1.329s] reading manifest file 'camera_interface_pkg.egg-info/SOURCES.txt'
[1.331s] writing manifest file 'camera_interface_pkg.egg-info/SOURCES.txt'
[1.385s] [ 22%] Built target ament_cmake_python_build_camera_interface_pkg_egg
[1.433s] [ 34%] Built target camera_interface_pkg__rosidl_typesupport_introspection_c
[1.481s] [ 45%] Built target camera_interface_pkg__rosidl_typesupport_fastrtps_c
[1.522s] [ 46%] Built target camera_interface_pkg__cpp
[1.572s] [ 58%] Built target camera_interface_pkg__rosidl_typesupport_fastrtps_cpp
[1.619s] [ 69%] Built target camera_interface_pkg__rosidl_typesupport_cpp
[1.671s] [ 81%] Built target camera_interface_pkg__rosidl_typesupport_introspection_cpp
[1.734s] [ 81%] Built target camera_interface_pkg
[1.788s] [ 82%] Built target camera_interface_pkg__py
[1.834s] [ 92%] Built target camera_interface_pkg__rosidl_generator_py
[1.878s] [ 94%] Built target camera_interface_pkg__rosidl_typesupport_fastrtps_c__pyext
[1.921s] [ 97%] Built target camera_interface_pkg__rosidl_typesupport_c__pyext
[1.965s] [100%] Built target camera_interface_pkg__rosidl_typesupport_introspection_c__pyext
[1.988s] Invoked command in '/home/achintya/Software/ROSPlayground/camera_ws_main/build/camera_interface_pkg' returned '0': CMAKE_PREFIX_PATH=${CMAKE_PREFIX_PATH}:/home/achintya/Software/ROSPlayground/camera_ws_main/install/camera_main_pkg:/opt/ros/humble /usr/bin/cmake --build /home/achintya/Software/ROSPlayground/camera_ws_main/build/camera_interface_pkg -- -j8 -l8
[1.993s] Invoking command in '/home/achintya/Software/ROSPlayground/camera_ws_main/build/camera_interface_pkg': CMAKE_PREFIX_PATH=${CMAKE_PREFIX_PATH}:/home/achintya/Software/ROSPlayground/camera_ws_main/install/camera_main_pkg:/opt/ros/humble /usr/bin/cmake --install /home/achintya/Software/ROSPlayground/camera_ws_main/build/camera_interface_pkg
[2.010s] -- Install configuration: ""
[2.010s] -- Up-to-date: /home/achintya/Software/ROSPlayground/camera_ws_main/install/camera_interface_pkg/share/ament_index/resource_index/rosidl_interfaces/camera_interface_pkg
[2.010s] -- Up-to-date: /home/achintya/Software/ROSPlayground/camera_ws_main/install/camera_interface_pkg/include/camera_interface_pkg/camera_interface_pkg
[2.010s] -- Up-to-date: /home/achintya/Software/ROSPlayground/camera_ws_main/install/camera_interface_pkg/include/camera_interface_pkg/camera_interface_pkg/srv
[2.011s] -- Up-to-date: /home/achintya/Software/ROSPlayground/camera_ws_main/install/camera_interface_pkg/include/camera_interface_pkg/camera_interface_pkg/srv/detail
[2.011s] -- Up-to-date: /home/achintya/Software/ROSPlayground/camera_ws_main/install/camera_interface_pkg/include/camera_interface_pkg/camera_interface_pkg/srv/detail/update_n20_set_points__functions.h
[2.011s] -- Up-to-date: /home/achintya/Software/ROSPlayground/camera_ws_main/install/camera_interface_pkg/include/camera_interface_pkg/camera_interface_pkg/srv/detail/set_calibration__functions.h
[2.011s] -- Up-to-date: /home/achintya/Software/ROSPlayground/camera_ws_main/install/camera_interface_pkg/include/camera_interface_pkg/camera_interface_pkg/srv/detail/update_n20_set_points__struct.h
[2.011s] -- Up-to-date: /home/achintya/Software/ROSPlayground/camera_ws_main/install/camera_interface_pkg/include/camera_interface_pkg/camera_interface_pkg/srv/detail/set_calibration__functions.c
[2.012s] -- Up-to-date: /home/achintya/Software/ROSPlayground/camera_ws_main/install/camera_interface_pkg/include/camera_interface_pkg/camera_interface_pkg/srv/detail/update_n20_set_points__type_support.h
[2.013s] -- Up-to-date: /home/achintya/Software/ROSPlayground/camera_ws_main/install/camera_interface_pkg/include/camera_interface_pkg/camera_interface_pkg/srv/detail/set_calibration__type_support.h
[2.013s] -- Up-to-date: /home/achintya/Software/ROSPlayground/camera_ws_main/install/camera_interface_pkg/include/camera_interface_pkg/camera_interface_pkg/srv/detail/set_calibration__struct.h
[2.013s] -- Up-to-date: /home/achintya/Software/ROSPlayground/camera_ws_main/install/camera_interface_pkg/include/camera_interface_pkg/camera_interface_pkg/srv/detail/update_n20_set_points__functions.c
[2.014s] -- Up-to-date: /home/achintya/Software/ROSPlayground/camera_ws_main/install/camera_interface_pkg/include/camera_interface_pkg/camera_interface_pkg/srv/update_n20_set_points.h
[2.014s] -- Up-to-date: /home/achintya/Software/ROSPlayground/camera_ws_main/install/camera_interface_pkg/include/camera_interface_pkg/camera_interface_pkg/srv/set_calibration.h
[2.014s] -- Up-to-date: /home/achintya/Software/ROSPlayground/camera_ws_main/install/camera_interface_pkg/include/camera_interface_pkg/camera_interface_pkg/msg
[2.014s] -- Up-to-date: /home/achintya/Software/ROSPlayground/camera_ws_main/install/camera_interface_pkg/include/camera_interface_pkg/camera_interface_pkg/msg/detail
[2.015s] -- Up-to-date: /home/achintya/Software/ROSPlayground/camera_ws_main/install/camera_interface_pkg/include/camera_interface_pkg/camera_interface_pkg/msg/detail/points_list__functions.c
[2.015s] -- Up-to-date: /home/achintya/Software/ROSPlayground/camera_ws_main/install/camera_interface_pkg/include/camera_interface_pkg/camera_interface_pkg/msg/detail/points_list__type_support.h
[2.015s] -- Up-to-date: /home/achintya/Software/ROSPlayground/camera_ws_main/install/camera_interface_pkg/include/camera_interface_pkg/camera_interface_pkg/msg/detail/coordinates_list__functions.h
[2.015s] -- Up-to-date: /home/achintya/Software/ROSPlayground/camera_ws_main/install/camera_interface_pkg/include/camera_interface_pkg/camera_interface_pkg/msg/detail/points_list__functions.h
[2.016s] -- Up-to-date: /home/achintya/Software/ROSPlayground/camera_ws_main/install/camera_interface_pkg/include/camera_interface_pkg/camera_interface_pkg/msg/detail/coordinates_list__type_support.h
[2.016s] -- Up-to-date: /home/achintya/Software/ROSPlayground/camera_ws_main/install/camera_interface_pkg/include/camera_interface_pkg/camera_interface_pkg/msg/detail/points__struct.h
[2.016s] -- Up-to-date: /home/achintya/Software/ROSPlayground/camera_ws_main/install/camera_interface_pkg/include/camera_interface_pkg/camera_interface_pkg/msg/detail/coordinates__type_support.h
[2.016s] -- Up-to-date: /home/achintya/Software/ROSPlayground/camera_ws_main/install/camera_interface_pkg/include/camera_interface_pkg/camera_interface_pkg/msg/detail/robot_state__functions.h
[2.016s] -- Up-to-date: /home/achintya/Software/ROSPlayground/camera_ws_main/install/camera_interface_pkg/include/camera_interface_pkg/camera_interface_pkg/msg/detail/robot_state__functions.c
[2.016s] -- Up-to-date: /home/achintya/Software/ROSPlayground/camera_ws_main/install/camera_interface_pkg/include/camera_interface_pkg/camera_interface_pkg/msg/detail/coordinates_list__functions.c
[2.016s] -- Up-to-date: /home/achintya/Software/ROSPlayground/camera_ws_main/install/camera_interface_pkg/include/camera_interface_pkg/camera_interface_pkg/msg/detail/coordinates__struct.h
[2.017s] -- Up-to-date: /home/achintya/Software/ROSPlayground/camera_ws_main/install/camera_interface_pkg/include/camera_interface_pkg/camera_interface_pkg/msg/detail/points__functions.c
[2.017s] -- Up-to-date: /home/achintya/Software/ROSPlayground/camera_ws_main/install/camera_interface_pkg/include/camera_interface_pkg/camera_interface_pkg/msg/detail/robot_state__type_support.h
[2.017s] -- Up-to-date: /home/achintya/Software/ROSPlayground/camera_ws_main/install/camera_interface_pkg/include/camera_interface_pkg/camera_interface_pkg/msg/detail/coordinates_list__struct.h
[2.017s] -- Up-to-date: /home/achintya/Software/ROSPlayground/camera_ws_main/install/camera_interface_pkg/include/camera_interface_pkg/camera_interface_pkg/msg/detail/coordinates__functions.c
[2.017s] -- Up-to-date: /home/achintya/Software/ROSPlayground/camera_ws_main/install/camera_interface_pkg/include/camera_interface_pkg/camera_interface_pkg/msg/detail/points__type_support.h
[2.018s] -- Up-to-date: /home/achintya/Software/ROSPlayground/camera_ws_main/install/camera_interface_pkg/include/camera_interface_pkg/camera_interface_pkg/msg/detail/robot_state__struct.h
[2.018s] -- Up-to-date: /home/achintya/Software/ROSPlayground/camera_ws_main/install/camera_interface_pkg/include/camera_interface_pkg/camera_interface_pkg/msg/detail/coordinates__functions.h
[2.018s] -- Up-to-date: /home/achintya/Software/ROSPlayground/camera_ws_main/install/camera_interface_pkg/include/camera_interface_pkg/camera_interface_pkg/msg/detail/points__functions.h
[2.018s] -- Up-to-date: /home/achintya/Software/ROSPlayground/camera_ws_main/install/camera_interface_pkg/include/camera_interface_pkg/camera_interface_pkg/msg/detail/points_list__struct.h
[2.018s] -- Up-to-date: /home/achintya/Software/ROSPlayground/camera_ws_main/install/camera_interface_pkg/include/camera_interface_pkg/camera_interface_pkg/msg/points.h
[2.019s] -- Up-to-date: /home/achintya/Software/ROSPlayground/camera_ws_main/install/camera_interface_pkg/include/camera_interface_pkg/camera_interface_pkg/msg/points_list.h
[2.019s] -- Up-to-date: /home/achintya/Software/ROSPlayground/camera_ws_main/install/camera_interface_pkg/include/camera_interface_pkg/camera_interface_pkg/msg/robot_state.h
[2.019s] -- Up-to-date: /home/achintya/Software/ROSPlayground/camera_ws_main/install/camera_interface_pkg/include/camera_interface_pkg/camera_interface_pkg/msg/coordinates_list.h
[2.019s] -- Up-to-date: /home/achintya/Software/ROSPlayground/camera_ws_main/install/camera_interface_pkg/include/camera_interface_pkg/camera_interface_pkg/msg/rosidl_generator_c__visibility_control.h
[2.019s] -- Up-to-date: /home/achintya/Software/ROSPlayground/camera_ws_main/install/camera_interface_pkg/include/camera_interface_pkg/camera_interface_pkg/msg/coordinates.h
[2.019s] -- Up-to-date: /home/achintya/Software/ROSPlayground/camera_ws_main/install/camera_interface_pkg/share/camera_interface_pkg/environment/library_path.sh
[2.020s] -- Up-to-date: /home/achintya/Software/ROSPlayground/camera_ws_main/install/camera_interface_pkg/share/camera_interface_pkg/environment/library_path.dsv
[2.020s] -- Up-to-date: /home/achintya/Software/ROSPlayground/camera_ws_main/install/camera_interface_pkg/lib/libcamera_interface_pkg__rosidl_generator_c.so
[2.020s] -- Up-to-date: /home/achintya/Software/ROSPlayground/camera_ws_main/install/camera_interface_pkg/include/camera_interface_pkg/camera_interface_pkg
[2.020s] -- Up-to-date: /home/achintya/Software/ROSPlayground/camera_ws_main/install/camera_interface_pkg/include/camera_interface_pkg/camera_interface_pkg/srv
[2.020s] -- Up-to-date: /home/achintya/Software/ROSPlayground/camera_ws_main/install/camera_interface_pkg/include/camera_interface_pkg/camera_interface_pkg/srv/detail
[2.020s] -- Up-to-date: /home/achintya/Software/ROSPlayground/camera_ws_main/install/camera_interface_pkg/include/camera_interface_pkg/camera_interface_pkg/srv/detail/update_n20_set_points__rosidl_typesupport_fastrtps_c.h
[2.020s] -- Up-to-date: /home/achintya/Software/ROSPlayground/camera_ws_main/install/camera_interface_pkg/include/camera_interface_pkg/camera_interface_pkg/srv/detail/set_calibration__rosidl_typesupport_fastrtps_c.h
[2.020s] -- Up-to-date: /home/achintya/Software/ROSPlayground/camera_ws_main/install/camera_interface_pkg/include/camera_interface_pkg/camera_interface_pkg/msg
[2.021s] -- Up-to-date: /home/achintya/Software/ROSPlayground/camera_ws_main/install/camera_interface_pkg/include/camera_interface_pkg/camera_interface_pkg/msg/rosidl_typesupport_fastrtps_c__visibility_control.h
[2.021s] -- Up-to-date: /home/achintya/Software/ROSPlayground/camera_ws_main/install/camera_interface_pkg/include/camera_interface_pkg/camera_interface_pkg/msg/detail
[2.021s] -- Up-to-date: /home/achintya/Software/ROSPlayground/camera_ws_main/install/camera_interface_pkg/include/camera_interface_pkg/camera_interface_pkg/msg/detail/points_list__rosidl_typesupport_fastrtps_c.h
[2.021s] -- Up-to-date: /home/achintya/Software/ROSPlayground/camera_ws_main/install/camera_interface_pkg/include/camera_interface_pkg/camera_interface_pkg/msg/detail/robot_state__rosidl_typesupport_fastrtps_c.h
[2.021s] -- Up-to-date: /home/achintya/Software/ROSPlayground/camera_ws_main/install/camera_interface_pkg/include/camera_interface_pkg/camera_interface_pkg/msg/detail/coordinates__rosidl_typesupport_fastrtps_c.h
[2.021s] -- Up-to-date: /home/achintya/Software/ROSPlayground/camera_ws_main/install/camera_interface_pkg/include/camera_interface_pkg/camera_interface_pkg/msg/detail/points__rosidl_typesupport_fastrtps_c.h
[2.021s] -- Up-to-date: /home/achintya/Software/ROSPlayground/camera_ws_main/install/camera_interface_pkg/include/camera_interface_pkg/camera_interface_pkg/msg/detail/coordinates_list__rosidl_typesupport_fastrtps_c.h
[2.021s] -- Up-to-date: /home/achintya/Software/ROSPlayground/camera_ws_main/install/camera_interface_pkg/lib/libcamera_interface_pkg__rosidl_typesupport_fastrtps_c.so
[2.022s] -- Up-to-date: /home/achintya/Software/ROSPlayground/camera_ws_main/install/camera_interface_pkg/include/camera_interface_pkg/camera_interface_pkg
[2.022s] -- Up-to-date: /home/achintya/Software/ROSPlayground/camera_ws_main/install/camera_interface_pkg/include/camera_interface_pkg/camera_interface_pkg/srv
[2.022s] -- Up-to-date: /home/achintya/Software/ROSPlayground/camera_ws_main/install/camera_interface_pkg/include/camera_interface_pkg/camera_interface_pkg/srv/detail
[2.022s] -- Up-to-date: /home/achintya/Software/ROSPlayground/camera_ws_main/install/camera_interface_pkg/include/camera_interface_pkg/camera_interface_pkg/srv/detail/set_calibration__rosidl_typesupport_introspection_c.h
[2.022s] -- Up-to-date: /home/achintya/Software/ROSPlayground/camera_ws_main/install/camera_interface_pkg/include/camera_interface_pkg/camera_interface_pkg/srv/detail/set_calibration__type_support.c
[2.022s] -- Up-to-date: /home/achintya/Software/ROSPlayground/camera_ws_main/install/camera_interface_pkg/include/camera_interface_pkg/camera_interface_pkg/srv/detail/update_n20_set_points__type_support.c
[2.022s] -- Up-to-date: /home/achintya/Software/ROSPlayground/camera_ws_main/install/camera_interface_pkg/include/camera_interface_pkg/camera_interface_pkg/srv/detail/update_n20_set_points__rosidl_typesupport_introspection_c.h
[2.023s] -- Up-to-date: /home/achintya/Software/ROSPlayground/camera_ws_main/install/camera_interface_pkg/include/camera_interface_pkg/camera_interface_pkg/msg
[2.023s] -- Up-to-date: /home/achintya/Software/ROSPlayground/camera_ws_main/install/camera_interface_pkg/include/camera_interface_pkg/camera_interface_pkg/msg/detail
[2.023s] -- Up-to-date: /home/achintya/Software/ROSPlayground/camera_ws_main/install/camera_interface_pkg/include/camera_interface_pkg/camera_interface_pkg/msg/detail/points__type_support.c
[2.023s] -- Up-to-date: /home/achintya/Software/ROSPlayground/camera_ws_main/install/camera_interface_pkg/include/camera_interface_pkg/camera_interface_pkg/msg/detail/points_list__type_support.c
[2.023s] -- Up-to-date: /home/achintya/Software/ROSPlayground/camera_ws_main/install/camera_interface_pkg/include/camera_interface_pkg/camera_interface_pkg/msg/detail/points__rosidl_typesupport_introspection_c.h
[2.023s] -- Up-to-date: /home/achintya/Software/ROSPlayground/camera_ws_main/install/camera_interface_pkg/include/camera_interface_pkg/camera_interface_pkg/msg/detail/coordinates_list__type_support.c
[2.023s] -- Up-to-date: /home/achintya/Software/ROSPlayground/camera_ws_main/install/camera_interface_pkg/include/camera_interface_pkg/camera_interface_pkg/msg/detail/robot_state__type_support.c
[2.024s] -- Up-to-date: /home/achintya/Software/ROSPlayground/camera_ws_main/install/camera_interface_pkg/include/camera_interface_pkg/camera_interface_pkg/msg/detail/coordinates_list__rosidl_typesupport_introspection_c.h
[2.024s] -- Up-to-date: /home/achintya/Software/ROSPlayground/camera_ws_main/install/camera_interface_pkg/include/camera_interface_pkg/camera_interface_pkg/msg/detail/coordinates__type_support.c
[2.024s] -- Up-to-date: /home/achintya/Software/ROSPlayground/camera_ws_main/install/camera_interface_pkg/include/camera_interface_pkg/camera_interface_pkg/msg/detail/robot_state__rosidl_typesupport_introspection_c.h
[2.024s] -- Up-to-date: /home/achintya/Software/ROSPlayground/camera_ws_main/install/camera_interface_pkg/include/camera_interface_pkg/camera_interface_pkg/msg/detail/coordinates__rosidl_typesupport_introspection_c.h
[2.024s] -- Up-to-date: /home/achintya/Software/ROSPlayground/camera_ws_main/install/camera_interface_pkg/include/camera_interface_pkg/camera_interface_pkg/msg/detail/points_list__rosidl_typesupport_introspection_c.h
[2.025s] -- Up-to-date: /home/achintya/Software/ROSPlayground/camera_ws_main/install/camera_interface_pkg/include/camera_interface_pkg/camera_interface_pkg/msg/rosidl_typesupport_introspection_c__visibility_control.h
[2.025s] -- Up-to-date: /home/achintya/Software/ROSPlayground/camera_ws_main/install/camera_interface_pkg/lib/libcamera_interface_pkg__rosidl_typesupport_introspection_c.so
[2.025s] -- Up-to-date: /home/achintya/Software/ROSPlayground/camera_ws_main/install/camera_interface_pkg/lib/libcamera_interface_pkg__rosidl_typesupport_c.so
[2.025s] -- Up-to-date: /home/achintya/Software/ROSPlayground/camera_ws_main/install/camera_interface_pkg/include/camera_interface_pkg/camera_interface_pkg
[2.025s] -- Up-to-date: /home/achintya/Software/ROSPlayground/camera_ws_main/install/camera_interface_pkg/include/camera_interface_pkg/camera_interface_pkg/srv
[2.026s] -- Up-to-date: /home/achintya/Software/ROSPlayground/camera_ws_main/install/camera_interface_pkg/include/camera_interface_pkg/camera_interface_pkg/srv/detail
[2.026s] -- Up-to-date: /home/achintya/Software/ROSPlayground/camera_ws_main/install/camera_interface_pkg/include/camera_interface_pkg/camera_interface_pkg/srv/detail/update_n20_set_points__type_support.hpp
[2.026s] -- Up-to-date: /home/achintya/Software/ROSPlayground/camera_ws_main/install/camera_interface_pkg/include/camera_interface_pkg/camera_interface_pkg/srv/detail/update_n20_set_points__struct.hpp
[2.026s] -- Up-to-date: /home/achintya/Software/ROSPlayground/camera_ws_main/install/camera_interface_pkg/include/camera_interface_pkg/camera_interface_pkg/srv/detail/set_calibration__type_support.hpp
[2.026s] -- Up-to-date: /home/achintya/Software/ROSPlayground/camera_ws_main/install/camera_interface_pkg/include/camera_interface_pkg/camera_interface_pkg/srv/detail/set_calibration__traits.hpp
[2.026s] -- Up-to-date: /home/achintya/Software/ROSPlayground/camera_ws_main/install/camera_interface_pkg/include/camera_interface_pkg/camera_interface_pkg/srv/detail/set_calibration__struct.hpp
[2.026s] -- Up-to-date: /home/achintya/Software/ROSPlayground/camera_ws_main/install/camera_interface_pkg/include/camera_interface_pkg/camera_interface_pkg/srv/detail/set_calibration__builder.hpp
[2.026s] -- Up-to-date: /home/achintya/Software/ROSPlayground/camera_ws_main/install/camera_interface_pkg/include/camera_interface_pkg/camera_interface_pkg/srv/detail/update_n20_set_points__traits.hpp
[2.026s] -- Up-to-date: /home/achintya/Software/ROSPlayground/camera_ws_main/install/camera_interface_pkg/include/camera_interface_pkg/camera_interface_pkg/srv/detail/update_n20_set_points__builder.hpp
[2.027s] -- Up-to-date: /home/achintya/Software/ROSPlayground/camera_ws_main/install/camera_interface_pkg/include/camera_interface_pkg/camera_interface_pkg/srv/set_calibration.hpp
[2.027s] -- Up-to-date: /home/achintya/Software/ROSPlayground/camera_ws_main/install/camera_interface_pkg/include/camera_interface_pkg/camera_interface_pkg/srv/update_n20_set_points.hpp
[2.027s] -- Up-to-date: /home/achintya/Software/ROSPlayground/camera_ws_main/install/camera_interface_pkg/include/camera_interface_pkg/camera_interface_pkg/msg
[2.027s] -- Up-to-date: /home/achintya/Software/ROSPlayground/camera_ws_main/install/camera_interface_pkg/include/camera_interface_pkg/camera_interface_pkg/msg/points_list.hpp
[2.027s] -- Up-to-date: /home/achintya/Software/ROSPlayground/camera_ws_main/install/camera_interface_pkg/include/camera_interface_pkg/camera_interface_pkg/msg/coordinates_list.hpp
[2.027s] -- Up-to-date: /home/achintya/Software/ROSPlayground/camera_ws_main/install/camera_interface_pkg/include/camera_interface_pkg/camera_interface_pkg/msg/rosidl_generator_cpp__visibility_control.hpp
[2.027s] -- Up-to-date: /home/achintya/Software/ROSPlayground/camera_ws_main/install/camera_interface_pkg/include/camera_interface_pkg/camera_interface_pkg/msg/detail
[2.027s] -- Up-to-date: /home/achintya/Software/ROSPlayground/camera_ws_main/install/camera_interface_pkg/include/camera_interface_pkg/camera_interface_pkg/msg/detail/robot_state__type_support.hpp
[2.027s] -- Up-to-date: /home/achintya/Software/ROSPlayground/camera_ws_main/install/camera_interface_pkg/include/camera_interface_pkg/camera_interface_pkg/msg/detail/points__struct.hpp
[2.027s] -- Up-to-date: /home/achintya/Software/ROSPlayground/camera_ws_main/install/camera_interface_pkg/include/camera_interface_pkg/camera_interface_pkg/msg/detail/points_list__struct.hpp
[2.028s] -- Up-to-date: /home/achintya/Software/ROSPlayground/camera_ws_main/install/camera_interface_pkg/include/camera_interface_pkg/camera_interface_pkg/msg/detail/robot_state__struct.hpp
[2.028s] -- Up-to-date: /home/achintya/Software/ROSPlayground/camera_ws_main/install/camera_interface_pkg/include/camera_interface_pkg/camera_interface_pkg/msg/detail/robot_state__builder.hpp
[2.028s] -- Up-to-date: /home/achintya/Software/ROSPlayground/camera_ws_main/install/camera_interface_pkg/include/camera_interface_pkg/camera_interface_pkg/msg/detail/coordinates__traits.hpp
[2.028s] -- Up-to-date: /home/achintya/Software/ROSPlayground/camera_ws_main/install/camera_interface_pkg/include/camera_interface_pkg/camera_interface_pkg/msg/detail/points_list__builder.hpp
[2.028s] -- Up-to-date: /home/achintya/Software/ROSPlayground/camera_ws_main/install/camera_interface_pkg/include/camera_interface_pkg/camera_interface_pkg/msg/detail/coordinates__builder.hpp
[2.028s] -- Up-to-date: /home/achintya/Software/ROSPlayground/camera_ws_main/install/camera_interface_pkg/include/camera_interface_pkg/camera_interface_pkg/msg/detail/coordinates__type_support.hpp
[2.028s] -- Up-to-date: /home/achintya/Software/ROSPlayground/camera_ws_main/install/camera_interface_pkg/include/camera_interface_pkg/camera_interface_pkg/msg/detail/points__type_support.hpp
[2.028s] -- Up-to-date: /home/achintya/Software/ROSPlayground/camera_ws_main/install/camera_interface_pkg/include/camera_interface_pkg/camera_interface_pkg/msg/detail/points_list__traits.hpp
[2.028s] -- Up-to-date: /home/achintya/Software/ROSPlayground/camera_ws_main/install/camera_interface_pkg/include/camera_interface_pkg/camera_interface_pkg/msg/detail/points__builder.hpp
[2.029s] -- Up-to-date: /home/achintya/Software/ROSPlayground/camera_ws_main/install/camera_interface_pkg/include/camera_interface_pkg/camera_interface_pkg/msg/detail/coordinates__struct.hpp
[2.029s] -- Up-to-date: /home/achintya/Software/ROSPlayground/camera_ws_main/install/camera_interface_pkg/include/camera_interface_pkg/camera_interface_pkg/msg/detail/coordinates_list__struct.hpp
[2.029s] -- Up-to-date: /home/achintya/Software/ROSPlayground/camera_ws_main/install/camera_interface_pkg/include/camera_interface_pkg/camera_interface_pkg/msg/detail/robot_state__traits.hpp
[2.029s] -- Up-to-date: /home/achintya/Software/ROSPlayground/camera_ws_main/install/camera_interface_pkg/include/camera_interface_pkg/camera_interface_pkg/msg/detail/coordinates_list__traits.hpp
[2.029s] -- Up-to-date: /home/achintya/Software/ROSPlayground/camera_ws_main/install/camera_interface_pkg/include/camera_interface_pkg/camera_interface_pkg/msg/detail/coordinates_list__builder.hpp
[2.029s] -- Up-to-date: /home/achintya/Software/ROSPlayground/camera_ws_main/install/camera_interface_pkg/include/camera_interface_pkg/camera_interface_pkg/msg/detail/points_list__type_support.hpp
[2.029s] -- Up-to-date: /home/achintya/Software/ROSPlayground/camera_ws_main/install/camera_interface_pkg/include/camera_interface_pkg/camera_interface_pkg/msg/detail/points__traits.hpp
[2.029s] -- Up-to-date: /home/achintya/Software/ROSPlayground/camera_ws_main/install/camera_interface_pkg/include/camera_interface_pkg/camera_interface_pkg/msg/detail/coordinates_list__type_support.hpp
[2.030s] -- Up-to-date: /home/achintya/Software/ROSPlayground/camera_ws_main/install/camera_interface_pkg/include/camera_interface_pkg/camera_interface_pkg/msg/points.hpp
[2.030s] -- Up-to-date: /home/achintya/Software/ROSPlayground/camera_ws_main/install/camera_interface_pkg/include/camera_interface_pkg/camera_interface_pkg/msg/coordinates.hpp
[2.030s] -- Up-to-date: /home/achintya/Software/ROSPlayground/camera_ws_main/install/camera_interface_pkg/include/camera_interface_pkg/camera_interface_pkg/msg/robot_state.hpp
[2.030s] -- Up-to-date: /home/achintya/Software/ROSPlayground/camera_ws_main/install/camera_interface_pkg/include/camera_interface_pkg/camera_interface_pkg
[2.030s] -- Up-to-date: /home/achintya/Software/ROSPlayground/camera_ws_main/install/camera_interface_pkg/include/camera_interface_pkg/camera_interface_pkg/srv
[2.030s] -- Up-to-date: /home/achintya/Software/ROSPlayground/camera_ws_main/install/camera_interface_pkg/include/camera_interface_pkg/camera_interface_pkg/srv/detail
[2.030s] -- Up-to-date: /home/achintya/Software/ROSPlayground/camera_ws_main/install/camera_interface_pkg/include/camera_interface_pkg/camera_interface_pkg/srv/detail/dds_fastrtps
[2.031s] -- Up-to-date: /home/achintya/Software/ROSPlayground/camera_ws_main/install/camera_interface_pkg/include/camera_interface_pkg/camera_interface_pkg/srv/detail/update_n20_set_points__rosidl_typesupport_fastrtps_cpp.hpp
[2.031s] -- Up-to-date: /home/achintya/Software/ROSPlayground/camera_ws_main/install/camera_interface_pkg/include/camera_interface_pkg/camera_interface_pkg/srv/detail/set_calibration__rosidl_typesupport_fastrtps_cpp.hpp
[2.031s] -- Up-to-date: /home/achintya/Software/ROSPlayground/camera_ws_main/install/camera_interface_pkg/include/camera_interface_pkg/camera_interface_pkg/msg
[2.031s] -- Up-to-date: /home/achintya/Software/ROSPlayground/camera_ws_main/install/camera_interface_pkg/include/camera_interface_pkg/camera_interface_pkg/msg/detail
[2.031s] -- Up-to-date: /home/achintya/Software/ROSPlayground/camera_ws_main/install/camera_interface_pkg/include/camera_interface_pkg/camera_interface_pkg/msg/detail/dds_fastrtps
[2.031s] -- Up-to-date: /home/achintya/Software/ROSPlayground/camera_ws_main/install/camera_interface_pkg/include/camera_interface_pkg/camera_interface_pkg/msg/detail/coordinates_list__rosidl_typesupport_fastrtps_cpp.hpp
[2.031s] -- Up-to-date: /home/achintya/Software/ROSPlayground/camera_ws_main/install/camera_interface_pkg/include/camera_interface_pkg/camera_interface_pkg/msg/detail/robot_state__rosidl_typesupport_fastrtps_cpp.hpp
[2.031s] -- Up-to-date: /home/achintya/Software/ROSPlayground/camera_ws_main/install/camera_interface_pkg/include/camera_interface_pkg/camera_interface_pkg/msg/detail/coordinates__rosidl_typesupport_fastrtps_cpp.hpp
[2.032s] -- Up-to-date: /home/achintya/Software/ROSPlayground/camera_ws_main/install/camera_interface_pkg/include/camera_interface_pkg/camera_interface_pkg/msg/detail/points__rosidl_typesupport_fastrtps_cpp.hpp
[2.032s] -- Up-to-date: /home/achintya/Software/ROSPlayground/camera_ws_main/install/camera_interface_pkg/include/camera_interface_pkg/camera_interface_pkg/msg/detail/points_list__rosidl_typesupport_fastrtps_cpp.hpp
[2.032s] -- Up-to-date: /home/achintya/Software/ROSPlayground/camera_ws_main/install/camera_interface_pkg/include/camera_interface_pkg/camera_interface_pkg/msg/rosidl_typesupport_fastrtps_cpp__visibility_control.h
[2.032s] -- Up-to-date: /home/achintya/Software/ROSPlayground/camera_ws_main/install/camera_interface_pkg/lib/libcamera_interface_pkg__rosidl_typesupport_fastrtps_cpp.so
[2.032s] -- Up-to-date: /home/achintya/Software/ROSPlayground/camera_ws_main/install/camera_interface_pkg/include/camera_interface_pkg/camera_interface_pkg
[2.032s] -- Up-to-date: /home/achintya/Software/ROSPlayground/camera_ws_main/install/camera_interface_pkg/include/camera_interface_pkg/camera_interface_pkg/srv
[2.032s] -- Up-to-date: /home/achintya/Software/ROSPlayground/camera_ws_main/install/camera_interface_pkg/include/camera_interface_pkg/camera_interface_pkg/srv/detail
[2.032s] -- Up-to-date: /home/achintya/Software/ROSPlayground/camera_ws_main/install/camera_interface_pkg/include/camera_interface_pkg/camera_interface_pkg/srv/detail/update_n20_set_points__type_support.cpp
[2.032s] -- Up-to-date: /home/achintya/Software/ROSPlayground/camera_ws_main/install/camera_interface_pkg/include/camera_interface_pkg/camera_interface_pkg/srv/detail/set_calibration__type_support.cpp
[2.032s] -- Up-to-date: /home/achintya/Software/ROSPlayground/camera_ws_main/install/camera_interface_pkg/include/camera_interface_pkg/camera_interface_pkg/srv/detail/set_calibration__rosidl_typesupport_introspection_cpp.hpp
[2.033s] -- Up-to-date: /home/achintya/Software/ROSPlayground/camera_ws_main/install/camera_interface_pkg/include/camera_interface_pkg/camera_interface_pkg/srv/detail/update_n20_set_points__rosidl_typesupport_introspection_cpp.hpp
[2.033s] -- Up-to-date: /home/achintya/Software/ROSPlayground/camera_ws_main/install/camera_interface_pkg/include/camera_interface_pkg/camera_interface_pkg/msg
[2.033s] -- Up-to-date: /home/achintya/Software/ROSPlayground/camera_ws_main/install/camera_interface_pkg/include/camera_interface_pkg/camera_interface_pkg/msg/detail
[2.033s] -- Up-to-date: /home/achintya/Software/ROSPlayground/camera_ws_main/install/camera_interface_pkg/include/camera_interface_pkg/camera_interface_pkg/msg/detail/points_list__rosidl_typesupport_introspection_cpp.hpp
[2.033s] -- Up-to-date: /home/achintya/Software/ROSPlayground/camera_ws_main/install/camera_interface_pkg/include/camera_interface_pkg/camera_interface_pkg/msg/detail/points__type_support.cpp
[2.033s] -- Up-to-date: /home/achintya/Software/ROSPlayground/camera_ws_main/install/camera_interface_pkg/include/camera_interface_pkg/camera_interface_pkg/msg/detail/robot_state__rosidl_typesupport_introspection_cpp.hpp
[2.033s] -- Up-to-date: /home/achintya/Software/ROSPlayground/camera_ws_main/install/camera_interface_pkg/include/camera_interface_pkg/camera_interface_pkg/msg/detail/coordinates_list__type_support.cpp
[2.033s] -- Up-to-date: /home/achintya/Software/ROSPlayground/camera_ws_main/install/camera_interface_pkg/include/camera_interface_pkg/camera_interface_pkg/msg/detail/coordinates__type_support.cpp
[2.033s] -- Up-to-date: /home/achintya/Software/ROSPlayground/camera_ws_main/install/camera_interface_pkg/include/camera_interface_pkg/camera_interface_pkg/msg/detail/points__rosidl_typesupport_introspection_cpp.hpp
[2.034s] -- Up-to-date: /home/achintya/Software/ROSPlayground/camera_ws_main/install/camera_interface_pkg/include/camera_interface_pkg/camera_interface_pkg/msg/detail/coordinates__rosidl_typesupport_introspection_cpp.hpp
[2.034s] -- Up-to-date: /home/achintya/Software/ROSPlayground/camera_ws_main/install/camera_interface_pkg/include/camera_interface_pkg/camera_interface_pkg/msg/detail/points_list__type_support.cpp
[2.034s] -- Up-to-date: /home/achintya/Software/ROSPlayground/camera_ws_main/install/camera_interface_pkg/include/camera_interface_pkg/camera_interface_pkg/msg/detail/coordinates_list__rosidl_typesupport_introspection_cpp.hpp
[2.034s] -- Up-to-date: /home/achintya/Software/ROSPlayground/camera_ws_main/install/camera_interface_pkg/include/camera_interface_pkg/camera_interface_pkg/msg/detail/robot_state__type_support.cpp
[2.034s] -- Up-to-date: /home/achintya/Software/ROSPlayground/camera_ws_main/install/camera_interface_pkg/lib/libcamera_interface_pkg__rosidl_typesupport_introspection_cpp.so
[2.034s] -- Up-to-date: /home/achintya/Software/ROSPlayground/camera_ws_main/install/camera_interface_pkg/lib/libcamera_interface_pkg__rosidl_typesupport_cpp.so
[2.034s] -- Up-to-date: /home/achintya/Software/ROSPlayground/camera_ws_main/install/camera_interface_pkg/share/camera_interface_pkg/environment/pythonpath.sh
[2.034s] -- Up-to-date: /home/achintya/Software/ROSPlayground/camera_ws_main/install/camera_interface_pkg/share/camera_interface_pkg/environment/pythonpath.dsv
[2.034s] -- Up-to-date: /home/achintya/Software/ROSPlayground/camera_ws_main/install/camera_interface_pkg/local/lib/python3.10/dist-packages/camera_interface_pkg-0.0.0-py3.10.egg-info
[2.035s] -- Installing: /home/achintya/Software/ROSPlayground/camera_ws_main/install/camera_interface_pkg/local/lib/python3.10/dist-packages/camera_interface_pkg-0.0.0-py3.10.egg-info/dependency_links.txt
[2.035s] -- Installing: /home/achintya/Software/ROSPlayground/camera_ws_main/install/camera_interface_pkg/local/lib/python3.10/dist-packages/camera_interface_pkg-0.0.0-py3.10.egg-info/PKG-INFO
[2.035s] -- Installing: /home/achintya/Software/ROSPlayground/camera_ws_main/install/camera_interface_pkg/local/lib/python3.10/dist-packages/camera_interface_pkg-0.0.0-py3.10.egg-info/top_level.txt
[2.035s] -- Installing: /home/achintya/Software/ROSPlayground/camera_ws_main/install/camera_interface_pkg/local/lib/python3.10/dist-packages/camera_interface_pkg-0.0.0-py3.10.egg-info/SOURCES.txt
[2.035s] -- Up-to-date: /home/achintya/Software/ROSPlayground/camera_ws_main/install/camera_interface_pkg/local/lib/python3.10/dist-packages/camera_interface_pkg
[2.035s] -- Up-to-date: /home/achintya/Software/ROSPlayground/camera_ws_main/install/camera_interface_pkg/local/lib/python3.10/dist-packages/camera_interface_pkg/__init__.py
[2.035s] -- Up-to-date: /home/achintya/Software/ROSPlayground/camera_ws_main/install/camera_interface_pkg/local/lib/python3.10/dist-packages/camera_interface_pkg/_camera_interface_pkg_s.ep.rosidl_typesupport_introspection_c.c
[2.035s] -- Up-to-date: /home/achintya/Software/ROSPlayground/camera_ws_main/install/camera_interface_pkg/local/lib/python3.10/dist-packages/camera_interface_pkg/_camera_interface_pkg_s.ep.rosidl_typesupport_c.c
[2.035s] -- Up-to-date: /home/achintya/Software/ROSPlayground/camera_ws_main/install/camera_interface_pkg/local/lib/python3.10/dist-packages/camera_interface_pkg/camera_interface_pkg_s__rosidl_typesupport_fastrtps_c.cpython-310-x86_64-linux-gnu.so
[2.036s] -- Up-to-date: /home/achintya/Software/ROSPlayground/camera_ws_main/install/camera_interface_pkg/local/lib/python3.10/dist-packages/camera_interface_pkg/srv
[2.036s] -- Up-to-date: /home/achintya/Software/ROSPlayground/camera_ws_main/install/camera_interface_pkg/local/lib/python3.10/dist-packages/camera_interface_pkg/srv/__init__.py
[2.036s] -- Up-to-date: /home/achintya/Software/ROSPlayground/camera_ws_main/install/camera_interface_pkg/local/lib/python3.10/dist-packages/camera_interface_pkg/srv/_update_n20_set_points_s.c
[2.036s] -- Up-to-date: /home/achintya/Software/ROSPlayground/camera_ws_main/install/camera_interface_pkg/local/lib/python3.10/dist-packages/camera_interface_pkg/srv/_set_calibration_s.c
[2.036s] -- Up-to-date: /home/achintya/Software/ROSPlayground/camera_ws_main/install/camera_interface_pkg/local/lib/python3.10/dist-packages/camera_interface_pkg/srv/_update_n20_set_points.py
[2.036s] -- Up-to-date: /home/achintya/Software/ROSPlayground/camera_ws_main/install/camera_interface_pkg/local/lib/python3.10/dist-packages/camera_interface_pkg/srv/_set_calibration.py
[2.036s] -- Up-to-date: /home/achintya/Software/ROSPlayground/camera_ws_main/install/camera_interface_pkg/local/lib/python3.10/dist-packages/camera_interface_pkg/libcamera_interface_pkg__rosidl_generator_py.so
[2.036s] -- Up-to-date: /home/achintya/Software/ROSPlayground/camera_ws_main/install/camera_interface_pkg/local/lib/python3.10/dist-packages/camera_interface_pkg/camera_interface_pkg_s__rosidl_typesupport_introspection_c.cpython-310-x86_64-linux-gnu.so
[2.036s] -- Up-to-date: /home/achintya/Software/ROSPlayground/camera_ws_main/install/camera_interface_pkg/local/lib/python3.10/dist-packages/camera_interface_pkg/camera_interface_pkg_s__rosidl_typesupport_c.cpython-310-x86_64-linux-gnu.so
[2.036s] -- Up-to-date: /home/achintya/Software/ROSPlayground/camera_ws_main/install/camera_interface_pkg/local/lib/python3.10/dist-packages/camera_interface_pkg/_camera_interface_pkg_s.ep.rosidl_typesupport_fastrtps_c.c
[2.037s] -- Up-to-date: /home/achintya/Software/ROSPlayground/camera_ws_main/install/camera_interface_pkg/local/lib/python3.10/dist-packages/camera_interface_pkg/msg
[2.037s] -- Up-to-date: /home/achintya/Software/ROSPlayground/camera_ws_main/install/camera_interface_pkg/local/lib/python3.10/dist-packages/camera_interface_pkg/msg/__init__.py
[2.037s] -- Up-to-date: /home/achintya/Software/ROSPlayground/camera_ws_main/install/camera_interface_pkg/local/lib/python3.10/dist-packages/camera_interface_pkg/msg/_points_list_s.c
[2.037s] -- Up-to-date: /home/achintya/Software/ROSPlayground/camera_ws_main/install/camera_interface_pkg/local/lib/python3.10/dist-packages/camera_interface_pkg/msg/_robot_state.py
[2.037s] -- Up-to-date: /home/achintya/Software/ROSPlayground/camera_ws_main/install/camera_interface_pkg/local/lib/python3.10/dist-packages/camera_interface_pkg/msg/_points_list.py
[2.037s] -- Up-to-date: /home/achintya/Software/ROSPlayground/camera_ws_main/install/camera_interface_pkg/local/lib/python3.10/dist-packages/camera_interface_pkg/msg/_coordinates_list.py
[2.037s] -- Up-to-date: /home/achintya/Software/ROSPlayground/camera_ws_main/install/camera_interface_pkg/local/lib/python3.10/dist-packages/camera_interface_pkg/msg/_coordinates.py
[2.037s] -- Up-to-date: /home/achintya/Software/ROSPlayground/camera_ws_main/install/camera_interface_pkg/local/lib/python3.10/dist-packages/camera_interface_pkg/msg/_coordinates_list_s.c
[2.037s] -- Up-to-date: /home/achintya/Software/ROSPlayground/camera_ws_main/install/camera_interface_pkg/local/lib/python3.10/dist-packages/camera_interface_pkg/msg/_coordinates_s.c
[2.037s] -- Up-to-date: /home/achintya/Software/ROSPlayground/camera_ws_main/install/camera_interface_pkg/local/lib/python3.10/dist-packages/camera_interface_pkg/msg/_points.py
[2.038s] -- Up-to-date: /home/achintya/Software/ROSPlayground/camera_ws_main/install/camera_interface_pkg/local/lib/python3.10/dist-packages/camera_interface_pkg/msg/_points_s.c
[2.038s] -- Up-to-date: /home/achintya/Software/ROSPlayground/camera_ws_main/install/camera_interface_pkg/local/lib/python3.10/dist-packages/camera_interface_pkg/msg/_robot_state_s.c
[2.097s] Listing '/home/achintya/Software/ROSPlayground/camera_ws_main/install/camera_interface_pkg/local/lib/python3.10/dist-packages/camera_interface_pkg'...
[2.097s] Listing '/home/achintya/Software/ROSPlayground/camera_ws_main/install/camera_interface_pkg/local/lib/python3.10/dist-packages/camera_interface_pkg/msg'...
[2.097s] Listing '/home/achintya/Software/ROSPlayground/camera_ws_main/install/camera_interface_pkg/local/lib/python3.10/dist-packages/camera_interface_pkg/srv'...
[2.105s] -- Up-to-date: /home/achintya/Software/ROSPlayground/camera_ws_main/install/camera_interface_pkg/local/lib/python3.10/dist-packages/camera_interface_pkg/camera_interface_pkg_s__rosidl_typesupport_fastrtps_c.cpython-310-x86_64-linux-gnu.so
[2.105s] -- Up-to-date: /home/achintya/Software/ROSPlayground/camera_ws_main/install/camera_interface_pkg/local/lib/python3.10/dist-packages/camera_interface_pkg/camera_interface_pkg_s__rosidl_typesupport_introspection_c.cpython-310-x86_64-linux-gnu.so
[2.106s] -- Up-to-date: /home/achintya/Software/ROSPlayground/camera_ws_main/install/camera_interface_pkg/local/lib/python3.10/dist-packages/camera_interface_pkg/camera_interface_pkg_s__rosidl_typesupport_c.cpython-310-x86_64-linux-gnu.so
[2.107s] -- Up-to-date: /home/achintya/Software/ROSPlayground/camera_ws_main/install/camera_interface_pkg/lib/libcamera_interface_pkg__rosidl_generator_py.so
[2.107s] -- Up-to-date: /home/achintya/Software/ROSPlayground/camera_ws_main/install/camera_interface_pkg/share/camera_interface_pkg/msg/RobotState.idl
[2.107s] -- Up-to-date: /home/achintya/Software/ROSPlayground/camera_ws_main/install/camera_interface_pkg/share/camera_interface_pkg/msg/Points.idl
[2.108s] -- Up-to-date: /home/achintya/Software/ROSPlayground/camera_ws_main/install/camera_interface_pkg/share/camera_interface_pkg/msg/PointsList.idl
[2.108s] -- Up-to-date: /home/achintya/Software/ROSPlayground/camera_ws_main/install/camera_interface_pkg/share/camera_interface_pkg/msg/Coordinates.idl
[2.108s] -- Up-to-date: /home/achintya/Software/ROSPlayground/camera_ws_main/install/camera_interface_pkg/share/camera_interface_pkg/msg/CoordinatesList.idl
[2.108s] -- Up-to-date: /home/achintya/Software/ROSPlayground/camera_ws_main/install/camera_interface_pkg/share/camera_interface_pkg/srv/UpdateN20SetPoints.idl
[2.108s] -- Up-to-date: /home/achintya/Software/ROSPlayground/camera_ws_main/install/camera_interface_pkg/share/camera_interface_pkg/srv/SetCalibration.idl
[2.109s] -- Up-to-date: /home/achintya/Software/ROSPlayground/camera_ws_main/install/camera_interface_pkg/share/camera_interface_pkg/msg/RobotState.msg
[2.109s] -- Up-to-date: /home/achintya/Software/ROSPlayground/camera_ws_main/install/camera_interface_pkg/share/camera_interface_pkg/msg/Points.msg
[2.109s] -- Up-to-date: /home/achintya/Software/ROSPlayground/camera_ws_main/install/camera_interface_pkg/share/camera_interface_pkg/msg/PointsList.msg
[2.109s] -- Up-to-date: /home/achintya/Software/ROSPlayground/camera_ws_main/install/camera_interface_pkg/share/camera_interface_pkg/msg/Coordinates.msg
[2.109s] -- Up-to-date: /home/achintya/Software/ROSPlayground/camera_ws_main/install/camera_interface_pkg/share/camera_interface_pkg/msg/CoordinatesList.msg
[2.109s] -- Up-to-date: /home/achintya/Software/ROSPlayground/camera_ws_main/install/camera_interface_pkg/share/camera_interface_pkg/srv/UpdateN20SetPoints.srv
[2.110s] -- Up-to-date: /home/achintya/Software/ROSPlayground/camera_ws_main/install/camera_interface_pkg/share/camera_interface_pkg/srv/UpdateN20SetPoints_Request.msg
[2.110s] -- Up-to-date: /home/achintya/Software/ROSPlayground/camera_ws_main/install/camera_interface_pkg/share/camera_interface_pkg/srv/UpdateN20SetPoints_Response.msg
[2.110s] -- Up-to-date: /home/achintya/Software/ROSPlayground/camera_ws_main/install/camera_interface_pkg/share/camera_interface_pkg/srv/SetCalibration.srv
[2.110s] -- Up-to-date: /home/achintya/Software/ROSPlayground/camera_ws_main/install/camera_interface_pkg/share/camera_interface_pkg/srv/SetCalibration_Request.msg
[2.110s] -- Up-to-date: /home/achintya/Software/ROSPlayground/camera_ws_main/install/camera_interface_pkg/share/camera_interface_pkg/srv/SetCalibration_Response.msg
[2.110s] -- Up-to-date: /home/achintya/Software/ROSPlayground/camera_ws_main/install/camera_interface_pkg/share/ament_index/resource_index/package_run_dependencies/camera_interface_pkg
[2.111s] -- Up-to-date: /home/achintya/Software/ROSPlayground/camera_ws_main/install/camera_interface_pkg/share/ament_index/resource_index/parent_prefix_path/camera_interface_pkg
[2.111s] -- Up-to-date: /home/achintya/Software/ROSPlayground/camera_ws_main/install/camera_interface_pkg/share/camera_interface_pkg/environment/ament_prefix_path.sh
[2.111s] -- Up-to-date: /home/achintya/Software/ROSPlayground/camera_ws_main/install/camera_interface_pkg/share/camera_interface_pkg/environment/ament_prefix_path.dsv
[2.111s] -- Up-to-date: /home/achintya/Software/ROSPlayground/camera_ws_main/install/camera_interface_pkg/share/camera_interface_pkg/environment/path.sh
[2.111s] -- Up-to-date: /home/achintya/Software/ROSPlayground/camera_ws_main/install/camera_interface_pkg/share/camera_interface_pkg/environment/path.dsv
[2.111s] -- Up-to-date: /home/achintya/Software/ROSPlayground/camera_ws_main/install/camera_interface_pkg/share/camera_interface_pkg/local_setup.bash
[2.111s] -- Up-to-date: /home/achintya/Software/ROSPlayground/camera_ws_main/install/camera_interface_pkg/share/camera_interface_pkg/local_setup.sh
[2.111s] -- Up-to-date: /home/achintya/Software/ROSPlayground/camera_ws_main/install/camera_interface_pkg/share/camera_interface_pkg/local_setup.zsh
[2.112s] -- Up-to-date: /home/achintya/Software/ROSPlayground/camera_ws_main/install/camera_interface_pkg/share/camera_interface_pkg/local_setup.dsv
[2.112s] -- Installing: /home/achintya/Software/ROSPlayground/camera_ws_main/install/camera_interface_pkg/share/camera_interface_pkg/package.dsv
[2.112s] -- Up-to-date: /home/achintya/Software/ROSPlayground/camera_ws_main/install/camera_interface_pkg/share/ament_index/resource_index/packages/camera_interface_pkg
[2.112s] -- Up-to-date: /home/achintya/Software/ROSPlayground/camera_ws_main/install/camera_interface_pkg/share/camera_interface_pkg/cmake/export_camera_interface_pkg__rosidl_generator_cExport.cmake
[2.112s] -- Up-to-date: /home/achintya/Software/ROSPlayground/camera_ws_main/install/camera_interface_pkg/share/camera_interface_pkg/cmake/export_camera_interface_pkg__rosidl_generator_cExport-noconfig.cmake
[2.112s] -- Up-to-date: /home/achintya/Software/ROSPlayground/camera_ws_main/install/camera_interface_pkg/share/camera_interface_pkg/cmake/export_camera_interface_pkg__rosidl_typesupport_fastrtps_cExport.cmake
[2.113s] -- Up-to-date: /home/achintya/Software/ROSPlayground/camera_ws_main/install/camera_interface_pkg/share/camera_interface_pkg/cmake/export_camera_interface_pkg__rosidl_typesupport_fastrtps_cExport-noconfig.cmake
[2.113s] -- Up-to-date: /home/achintya/Software/ROSPlayground/camera_ws_main/install/camera_interface_pkg/share/camera_interface_pkg/cmake/camera_interface_pkg__rosidl_typesupport_introspection_cExport.cmake
[2.113s] -- Up-to-date: /home/achintya/Software/ROSPlayground/camera_ws_main/install/camera_interface_pkg/share/camera_interface_pkg/cmake/camera_interface_pkg__rosidl_typesupport_introspection_cExport-noconfig.cmake
[2.113s] -- Up-to-date: /home/achintya/Software/ROSPlayground/camera_ws_main/install/camera_interface_pkg/share/camera_interface_pkg/cmake/camera_interface_pkg__rosidl_typesupport_cExport.cmake
[2.113s] -- Up-to-date: /home/achintya/Software/ROSPlayground/camera_ws_main/install/camera_interface_pkg/share/camera_interface_pkg/cmake/camera_interface_pkg__rosidl_typesupport_cExport-noconfig.cmake
[2.113s] -- Up-to-date: /home/achintya/Software/ROSPlayground/camera_ws_main/install/camera_interface_pkg/share/camera_interface_pkg/cmake/export_camera_interface_pkg__rosidl_generator_cppExport.cmake
[2.114s] -- Up-to-date: /home/achintya/Software/ROSPlayground/camera_ws_main/install/camera_interface_pkg/share/camera_interface_pkg/cmake/export_camera_interface_pkg__rosidl_typesupport_fastrtps_cppExport.cmake
[2.114s] -- Up-to-date: /home/achintya/Software/ROSPlayground/camera_ws_main/install/camera_interface_pkg/share/camera_interface_pkg/cmake/export_camera_interface_pkg__rosidl_typesupport_fastrtps_cppExport-noconfig.cmake
[2.114s] -- Up-to-date: /home/achintya/Software/ROSPlayground/camera_ws_main/install/camera_interface_pkg/share/camera_interface_pkg/cmake/camera_interface_pkg__rosidl_typesupport_introspection_cppExport.cmake
[2.114s] -- Up-to-date: /home/achintya/Software/ROSPlayground/camera_ws_main/install/camera_interface_pkg/share/camera_interface_pkg/cmake/camera_interface_pkg__rosidl_typesupport_introspection_cppExport-noconfig.cmake
[2.115s] -- Up-to-date: /home/achintya/Software/ROSPlayground/camera_ws_main/install/camera_interface_pkg/share/camera_interface_pkg/cmake/camera_interface_pkg__rosidl_typesupport_cppExport.cmake
[2.115s] -- Up-to-date: /home/achintya/Software/ROSPlayground/camera_ws_main/install/camera_interface_pkg/share/camera_interface_pkg/cmake/camera_interface_pkg__rosidl_typesupport_cppExport-noconfig.cmake
[2.115s] -- Up-to-date: /home/achintya/Software/ROSPlayground/camera_ws_main/install/camera_interface_pkg/share/camera_interface_pkg/cmake/export_camera_interface_pkg__rosidl_generator_pyExport.cmake
[2.115s] -- Up-to-date: /home/achintya/Software/ROSPlayground/camera_ws_main/install/camera_interface_pkg/share/camera_interface_pkg/cmake/export_camera_interface_pkg__rosidl_generator_pyExport-noconfig.cmake
[2.116s] -- Up-to-date: /home/achintya/Software/ROSPlayground/camera_ws_main/install/camera_interface_pkg/share/camera_interface_pkg/cmake/rosidl_cmake-extras.cmake
[2.116s] -- Up-to-date: /home/achintya/Software/ROSPlayground/camera_ws_main/install/camera_interface_pkg/share/camera_interface_pkg/cmake/ament_cmake_export_include_directories-extras.cmake
[2.116s] -- Up-to-date: /home/achintya/Software/ROSPlayground/camera_ws_main/install/camera_interface_pkg/share/camera_interface_pkg/cmake/ament_cmake_export_libraries-extras.cmake
[2.117s] -- Up-to-date: /home/achintya/Software/ROSPlayground/camera_ws_main/install/camera_interface_pkg/share/camera_interface_pkg/cmake/ament_cmake_export_targets-extras.cmake
[2.117s] -- Up-to-date: /home/achintya/Software/ROSPlayground/camera_ws_main/install/camera_interface_pkg/share/camera_interface_pkg/cmake/rosidl_cmake_export_typesupport_targets-extras.cmake
[2.117s] -- Up-to-date: /home/achintya/Software/ROSPlayground/camera_ws_main/install/camera_interface_pkg/share/camera_interface_pkg/cmake/ament_cmake_export_dependencies-extras.cmake
[2.117s] -- Up-to-date: /home/achintya/Software/ROSPlayground/camera_ws_main/install/camera_interface_pkg/share/camera_interface_pkg/cmake/rosidl_cmake_export_typesupport_libraries-extras.cmake
[2.118s] -- Up-to-date: /home/achintya/Software/ROSPlayground/camera_ws_main/install/camera_interface_pkg/share/camera_interface_pkg/cmake/camera_interface_pkgConfig.cmake
[2.118s] -- Up-to-date: /home/achintya/Software/ROSPlayground/camera_ws_main/install/camera_interface_pkg/share/camera_interface_pkg/cmake/camera_interface_pkgConfig-version.cmake
[2.118s] -- Up-to-date: /home/achintya/Software/ROSPlayground/camera_ws_main/install/camera_interface_pkg/share/camera_interface_pkg/package.xml
[2.123s] Invoked command in '/home/achintya/Software/ROSPlayground/camera_ws_main/build/camera_interface_pkg' returned '0': CMAKE_PREFIX_PATH=${CMAKE_PREFIX_PATH}:/home/achintya/Software/ROSPlayground/camera_ws_main/install/camera_main_pkg:/opt/ros/humble /usr/bin/cmake --install /home/achintya/Software/ROSPlayground/camera_ws_main/build/camera_interface_pkg
